<?xml version="1.0" encoding="ISO-8859-1" ?>
<link_info>
   <banner>TI ARM Linker PC v20.2.5.LTS</banner>
   <copyright>Copyright (c) 1996-2018 Texas Instruments Incorporated</copyright>
   <link_time>0x68398e5a</link_time>
   <link_errors>0x0</link_errors>
   <output_file>Practica4Fixed.out</output_file>
   <entry_point>
      <name>_c_int00_noargs</name>
      <address>0x5aa9</address>
   </entry_point>
   <input_file_list>
      <input_file id="fl-2">
         <path>.\</path>
         <kind>object</kind>
         <file>main.obj</file>
         <name>main.obj</name>
      </input_file>
      <input_file id="fl-3">
         <path>.\</path>
         <kind>object</kind>
         <file>robot_utils.obj</file>
         <name>robot_utils.obj</name>
      </input_file>
      <input_file id="fl-4">
         <path>.\</path>
         <kind>object</kind>
         <file>startup_msp432p401r_ccs.obj</file>
         <name>startup_msp432p401r_ccs.obj</name>
      </input_file>
      <input_file id="fl-5">
         <path>.\</path>
         <kind>object</kind>
         <file>system_msp432p401r.obj</file>
         <name>system_msp432p401r.obj</name>
      </input_file>
      <input_file id="fl-a">
         <kind>object</kind>
         <file>&lt;internal&gt;</file>
         <name>&lt;internal&gt;</name>
      </input_file>
      <input_file id="fl-b">
         <path>..\</path>
         <kind>archive</kind>
         <file>lib_PAE.lib</file>
         <name>Inicializacion.obj</name>
      </input_file>
      <input_file id="fl-c">
         <path>..\</path>
         <kind>archive</kind>
         <file>lib_PAE.lib</file>
         <name>lcd.obj</name>
      </input_file>
      <input_file id="fl-d">
         <path>..\</path>
         <kind>archive</kind>
         <file>lib_PAE.lib</file>
         <name>msp_LCD.obj</name>
      </input_file>
      <input_file id="fl-e">
         <path>..\</path>
         <kind>archive</kind>
         <file>lib_PAE.lib</file>
         <name>graphics.obj</name>
      </input_file>
      <input_file id="fl-c4">
         <path>C:\ti\ccs1040\ccs\tools\compiler\ti-cgt-arm_20.2.5.LTS\lib\</path>
         <kind>archive</kind>
         <file>rtsv7M4_T_le_v4SPD16_eabi.lib</file>
         <name>printf.c.obj</name>
      </input_file>
      <input_file id="fl-c5">
         <path>C:\ti\ccs1040\ccs\tools\compiler\ti-cgt-arm_20.2.5.LTS\lib\</path>
         <kind>archive</kind>
         <file>rtsv7M4_T_le_v4SPD16_eabi.lib</file>
         <name>_printfi.c.obj</name>
      </input_file>
      <input_file id="fl-c6">
         <path>C:\ti\ccs1040\ccs\tools\compiler\ti-cgt-arm_20.2.5.LTS\lib\</path>
         <kind>archive</kind>
         <file>rtsv7M4_T_le_v4SPD16_eabi.lib</file>
         <name>sprintf.c.obj</name>
      </input_file>
      <input_file id="fl-c7">
         <path>C:\ti\ccs1040\ccs\tools\compiler\ti-cgt-arm_20.2.5.LTS\lib\</path>
         <kind>archive</kind>
         <file>rtsv7M4_T_le_v4SPD16_eabi.lib</file>
         <name>fputc.c.obj</name>
      </input_file>
      <input_file id="fl-c8">
         <path>C:\ti\ccs1040\ccs\tools\compiler\ti-cgt-arm_20.2.5.LTS\lib\</path>
         <kind>archive</kind>
         <file>rtsv7M4_T_le_v4SPD16_eabi.lib</file>
         <name>fputs.c.obj</name>
      </input_file>
      <input_file id="fl-c9">
         <path>C:\ti\ccs1040\ccs\tools\compiler\ti-cgt-arm_20.2.5.LTS\lib\</path>
         <kind>archive</kind>
         <file>rtsv7M4_T_le_v4SPD16_eabi.lib</file>
         <name>_io_perm.c.obj</name>
      </input_file>
      <input_file id="fl-ca">
         <path>C:\ti\ccs1040\ccs\tools\compiler\ti-cgt-arm_20.2.5.LTS\lib\</path>
         <kind>archive</kind>
         <file>rtsv7M4_T_le_v4SPD16_eabi.lib</file>
         <name>setvbuf.c.obj</name>
      </input_file>
      <input_file id="fl-cb">
         <path>C:\ti\ccs1040\ccs\tools\compiler\ti-cgt-arm_20.2.5.LTS\lib\</path>
         <kind>archive</kind>
         <file>rtsv7M4_T_le_v4SPD16_eabi.lib</file>
         <name>s_frexp.c.obj</name>
      </input_file>
      <input_file id="fl-cc">
         <path>C:\ti\ccs1040\ccs\tools\compiler\ti-cgt-arm_20.2.5.LTS\lib\</path>
         <kind>archive</kind>
         <file>rtsv7M4_T_le_v4SPD16_eabi.lib</file>
         <name>s_scalbn.c.obj</name>
      </input_file>
      <input_file id="fl-cd">
         <path>C:\ti\ccs1040\ccs\tools\compiler\ti-cgt-arm_20.2.5.LTS\lib\</path>
         <kind>archive</kind>
         <file>rtsv7M4_T_le_v4SPD16_eabi.lib</file>
         <name>wcslen.c.obj</name>
      </input_file>
      <input_file id="fl-ce">
         <path>C:\ti\ccs1040\ccs\tools\compiler\ti-cgt-arm_20.2.5.LTS\lib\</path>
         <kind>archive</kind>
         <file>rtsv7M4_T_le_v4SPD16_eabi.lib</file>
         <name>fd_add_t2.asm.obj</name>
      </input_file>
      <input_file id="fl-cf">
         <path>C:\ti\ccs1040\ccs\tools\compiler\ti-cgt-arm_20.2.5.LTS\lib\</path>
         <kind>archive</kind>
         <file>rtsv7M4_T_le_v4SPD16_eabi.lib</file>
         <name>fd_cmp_t2.asm.obj</name>
      </input_file>
      <input_file id="fl-d0">
         <path>C:\ti\ccs1040\ccs\tools\compiler\ti-cgt-arm_20.2.5.LTS\lib\</path>
         <kind>archive</kind>
         <file>rtsv7M4_T_le_v4SPD16_eabi.lib</file>
         <name>fd_div_t2.asm.obj</name>
      </input_file>
      <input_file id="fl-d1">
         <path>C:\ti\ccs1040\ccs\tools\compiler\ti-cgt-arm_20.2.5.LTS\lib\</path>
         <kind>archive</kind>
         <file>rtsv7M4_T_le_v4SPD16_eabi.lib</file>
         <name>fd_mul_t2.asm.obj</name>
      </input_file>
      <input_file id="fl-d2">
         <path>C:\ti\ccs1040\ccs\tools\compiler\ti-cgt-arm_20.2.5.LTS\lib\</path>
         <kind>archive</kind>
         <file>rtsv7M4_T_le_v4SPD16_eabi.lib</file>
         <name>fd_toi_t2.asm.obj</name>
      </input_file>
      <input_file id="fl-d3">
         <path>C:\ti\ccs1040\ccs\tools\compiler\ti-cgt-arm_20.2.5.LTS\lib\</path>
         <kind>archive</kind>
         <file>rtsv7M4_T_le_v4SPD16_eabi.lib</file>
         <name>i_tofd_t2.asm.obj</name>
      </input_file>
      <input_file id="fl-d4">
         <path>C:\ti\ccs1040\ccs\tools\compiler\ti-cgt-arm_20.2.5.LTS\lib\</path>
         <kind>archive</kind>
         <file>rtsv7M4_T_le_v4SPD16_eabi.lib</file>
         <name>memcpy_t2.asm.obj</name>
      </input_file>
      <input_file id="fl-d5">
         <path>C:\ti\ccs1040\ccs\tools\compiler\ti-cgt-arm_20.2.5.LTS\lib\</path>
         <kind>archive</kind>
         <file>rtsv7M4_T_le_v4SPD16_eabi.lib</file>
         <name>ull_div_t2.asm.obj</name>
      </input_file>
      <input_file id="fl-d6">
         <path>C:\ti\ccs1040\ccs\tools\compiler\ti-cgt-arm_20.2.5.LTS\lib\</path>
         <kind>archive</kind>
         <file>rtsv7M4_T_le_v4SPD16_eabi.lib</file>
         <name>memset_t2.asm.obj</name>
      </input_file>
      <input_file id="fl-d7">
         <path>C:\ti\ccs1040\ccs\tools\compiler\ti-cgt-arm_20.2.5.LTS\lib\</path>
         <kind>archive</kind>
         <file>rtsv7M4_T_le_v4SPD16_eabi.lib</file>
         <name>copy_zero_init.c.obj</name>
      </input_file>
      <input_file id="fl-d8">
         <path>C:\ti\ccs1040\ccs\tools\compiler\ti-cgt-arm_20.2.5.LTS\lib\</path>
         <kind>archive</kind>
         <file>rtsv7M4_T_le_v4SPD16_eabi.lib</file>
         <name>copy_decompress_none.c.obj</name>
      </input_file>
      <input_file id="fl-d9">
         <path>C:\ti\ccs1040\ccs\tools\compiler\ti-cgt-arm_20.2.5.LTS\lib\</path>
         <kind>archive</kind>
         <file>rtsv7M4_T_le_v4SPD16_eabi.lib</file>
         <name>copy_decompress_lzss.c.obj</name>
      </input_file>
      <input_file id="fl-da">
         <path>C:\ti\ccs1040\ccs\tools\compiler\ti-cgt-arm_20.2.5.LTS\lib\</path>
         <kind>archive</kind>
         <file>rtsv7M4_T_le_v4SPD16_eabi.lib</file>
         <name>exit.c.obj</name>
      </input_file>
      <input_file id="fl-db">
         <path>C:\ti\ccs1040\ccs\tools\compiler\ti-cgt-arm_20.2.5.LTS\lib\</path>
         <kind>archive</kind>
         <file>rtsv7M4_T_le_v4SPD16_eabi.lib</file>
         <name>_lock.c.obj</name>
      </input_file>
      <input_file id="fl-dc">
         <path>C:\ti\ccs1040\ccs\tools\compiler\ti-cgt-arm_20.2.5.LTS\lib\</path>
         <kind>archive</kind>
         <file>rtsv7M4_T_le_v4SPD16_eabi.lib</file>
         <name>_ltoa.c.obj</name>
      </input_file>
      <input_file id="fl-dd">
         <path>C:\ti\ccs1040\ccs\tools\compiler\ti-cgt-arm_20.2.5.LTS\lib\</path>
         <kind>archive</kind>
         <file>rtsv7M4_T_le_v4SPD16_eabi.lib</file>
         <name>atoi.c.obj</name>
      </input_file>
      <input_file id="fl-de">
         <path>C:\ti\ccs1040\ccs\tools\compiler\ti-cgt-arm_20.2.5.LTS\lib\</path>
         <kind>archive</kind>
         <file>rtsv7M4_T_le_v4SPD16_eabi.lib</file>
         <name>ctype.c.obj</name>
      </input_file>
      <input_file id="fl-df">
         <path>C:\ti\ccs1040\ccs\tools\compiler\ti-cgt-arm_20.2.5.LTS\lib\</path>
         <kind>archive</kind>
         <file>rtsv7M4_T_le_v4SPD16_eabi.lib</file>
         <name>defs.c.obj</name>
      </input_file>
      <input_file id="fl-e0">
         <path>C:\ti\ccs1040\ccs\tools\compiler\ti-cgt-arm_20.2.5.LTS\lib\</path>
         <kind>archive</kind>
         <file>rtsv7M4_T_le_v4SPD16_eabi.lib</file>
         <name>memccpy.c.obj</name>
      </input_file>
      <input_file id="fl-e1">
         <path>C:\ti\ccs1040\ccs\tools\compiler\ti-cgt-arm_20.2.5.LTS\lib\</path>
         <kind>archive</kind>
         <file>rtsv7M4_T_le_v4SPD16_eabi.lib</file>
         <name>memchr.c.obj</name>
      </input_file>
      <input_file id="fl-e2">
         <path>C:\ti\ccs1040\ccs\tools\compiler\ti-cgt-arm_20.2.5.LTS\lib\</path>
         <kind>archive</kind>
         <file>rtsv7M4_T_le_v4SPD16_eabi.lib</file>
         <name>memory.c.obj</name>
      </input_file>
      <input_file id="fl-e3">
         <path>C:\ti\ccs1040\ccs\tools\compiler\ti-cgt-arm_20.2.5.LTS\lib\</path>
         <kind>archive</kind>
         <file>rtsv7M4_T_le_v4SPD16_eabi.lib</file>
         <name>rand.c.obj</name>
      </input_file>
      <input_file id="fl-e4">
         <path>C:\ti\ccs1040\ccs\tools\compiler\ti-cgt-arm_20.2.5.LTS\lib\</path>
         <kind>archive</kind>
         <file>rtsv7M4_T_le_v4SPD16_eabi.lib</file>
         <name>strchr.c.obj</name>
      </input_file>
      <input_file id="fl-e5">
         <path>C:\ti\ccs1040\ccs\tools\compiler\ti-cgt-arm_20.2.5.LTS\lib\</path>
         <kind>archive</kind>
         <file>rtsv7M4_T_le_v4SPD16_eabi.lib</file>
         <name>strlen.c.obj</name>
      </input_file>
      <input_file id="fl-e6">
         <path>C:\ti\ccs1040\ccs\tools\compiler\ti-cgt-arm_20.2.5.LTS\lib\</path>
         <kind>archive</kind>
         <file>rtsv7M4_T_le_v4SPD16_eabi.lib</file>
         <name>errno.c.obj</name>
      </input_file>
      <input_file id="fl-e7">
         <path>C:\ti\ccs1040\ccs\tools\compiler\ti-cgt-arm_20.2.5.LTS\lib\</path>
         <kind>archive</kind>
         <file>rtsv7M4_T_le_v4SPD16_eabi.lib</file>
         <name>boot_cortex_m.c.obj</name>
      </input_file>
      <input_file id="fl-e8">
         <path>C:\ti\ccs1040\ccs\tools\compiler\ti-cgt-arm_20.2.5.LTS\lib\</path>
         <kind>archive</kind>
         <file>rtsv7M4_T_le_v4SPD16_eabi.lib</file>
         <name>write.c.obj</name>
      </input_file>
      <input_file id="fl-e9">
         <path>C:\ti\ccs1040\ccs\tools\compiler\ti-cgt-arm_20.2.5.LTS\lib\</path>
         <kind>archive</kind>
         <file>rtsv7M4_T_le_v4SPD16_eabi.lib</file>
         <name>host_device.c.obj</name>
      </input_file>
      <input_file id="fl-ea">
         <path>C:\ti\ccs1040\ccs\tools\compiler\ti-cgt-arm_20.2.5.LTS\lib\</path>
         <kind>archive</kind>
         <file>rtsv7M4_T_le_v4SPD16_eabi.lib</file>
         <name>fflush.c.obj</name>
      </input_file>
      <input_file id="fl-eb">
         <path>C:\ti\ccs1040\ccs\tools\compiler\ti-cgt-arm_20.2.5.LTS\lib\</path>
         <kind>archive</kind>
         <file>rtsv7M4_T_le_v4SPD16_eabi.lib</file>
         <name>fopen.c.obj</name>
      </input_file>
      <input_file id="fl-ec">
         <path>C:\ti\ccs1040\ccs\tools\compiler\ti-cgt-arm_20.2.5.LTS\lib\</path>
         <kind>archive</kind>
         <file>rtsv7M4_T_le_v4SPD16_eabi.lib</file>
         <name>fseek.c.obj</name>
      </input_file>
      <input_file id="fl-ed">
         <path>C:\ti\ccs1040\ccs\tools\compiler\ti-cgt-arm_20.2.5.LTS\lib\</path>
         <kind>archive</kind>
         <file>rtsv7M4_T_le_v4SPD16_eabi.lib</file>
         <name>s_copysign.c.obj</name>
      </input_file>
      <input_file id="fl-ee">
         <path>C:\ti\ccs1040\ccs\tools\compiler\ti-cgt-arm_20.2.5.LTS\lib\</path>
         <kind>archive</kind>
         <file>rtsv7M4_T_le_v4SPD16_eabi.lib</file>
         <name>div0.asm.obj</name>
      </input_file>
      <input_file id="fl-ef">
         <path>C:\ti\ccs1040\ccs\tools\compiler\ti-cgt-arm_20.2.5.LTS\lib\</path>
         <kind>archive</kind>
         <file>rtsv7M4_T_le_v4SPD16_eabi.lib</file>
         <name>autoinit.c.obj</name>
      </input_file>
      <input_file id="fl-f0">
         <path>C:\ti\ccs1040\ccs\tools\compiler\ti-cgt-arm_20.2.5.LTS\lib\</path>
         <kind>archive</kind>
         <file>rtsv7M4_T_le_v4SPD16_eabi.lib</file>
         <name>pre_init.c.obj</name>
      </input_file>
      <input_file id="fl-f1">
         <path>C:\ti\ccs1040\ccs\tools\compiler\ti-cgt-arm_20.2.5.LTS\lib\</path>
         <kind>archive</kind>
         <file>rtsv7M4_T_le_v4SPD16_eabi.lib</file>
         <name>cpy_tbl.c.obj</name>
      </input_file>
      <input_file id="fl-f2">
         <path>C:\ti\ccs1040\ccs\tools\compiler\ti-cgt-arm_20.2.5.LTS\lib\</path>
         <kind>archive</kind>
         <file>rtsv7M4_T_le_v4SPD16_eabi.lib</file>
         <name>args_main.c.obj</name>
      </input_file>
      <input_file id="fl-f3">
         <path>C:\ti\ccs1040\ccs\tools\compiler\ti-cgt-arm_20.2.5.LTS\lib\</path>
         <kind>archive</kind>
         <file>rtsv7M4_T_le_v4SPD16_eabi.lib</file>
         <name>hostclose.c.obj</name>
      </input_file>
      <input_file id="fl-f4">
         <path>C:\ti\ccs1040\ccs\tools\compiler\ti-cgt-arm_20.2.5.LTS\lib\</path>
         <kind>archive</kind>
         <file>rtsv7M4_T_le_v4SPD16_eabi.lib</file>
         <name>hostlseek.c.obj</name>
      </input_file>
      <input_file id="fl-f5">
         <path>C:\ti\ccs1040\ccs\tools\compiler\ti-cgt-arm_20.2.5.LTS\lib\</path>
         <kind>archive</kind>
         <file>rtsv7M4_T_le_v4SPD16_eabi.lib</file>
         <name>hostopen.c.obj</name>
      </input_file>
      <input_file id="fl-f6">
         <path>C:\ti\ccs1040\ccs\tools\compiler\ti-cgt-arm_20.2.5.LTS\lib\</path>
         <kind>archive</kind>
         <file>rtsv7M4_T_le_v4SPD16_eabi.lib</file>
         <name>hostread.c.obj</name>
      </input_file>
      <input_file id="fl-f7">
         <path>C:\ti\ccs1040\ccs\tools\compiler\ti-cgt-arm_20.2.5.LTS\lib\</path>
         <kind>archive</kind>
         <file>rtsv7M4_T_le_v4SPD16_eabi.lib</file>
         <name>hostrename.c.obj</name>
      </input_file>
      <input_file id="fl-f8">
         <path>C:\ti\ccs1040\ccs\tools\compiler\ti-cgt-arm_20.2.5.LTS\lib\</path>
         <kind>archive</kind>
         <file>rtsv7M4_T_le_v4SPD16_eabi.lib</file>
         <name>hostunlink.c.obj</name>
      </input_file>
      <input_file id="fl-f9">
         <path>C:\ti\ccs1040\ccs\tools\compiler\ti-cgt-arm_20.2.5.LTS\lib\</path>
         <kind>archive</kind>
         <file>rtsv7M4_T_le_v4SPD16_eabi.lib</file>
         <name>hostwrite.c.obj</name>
      </input_file>
      <input_file id="fl-fa">
         <path>C:\ti\ccs1040\ccs\tools\compiler\ti-cgt-arm_20.2.5.LTS\lib\</path>
         <kind>archive</kind>
         <file>rtsv7M4_T_le_v4SPD16_eabi.lib</file>
         <name>trgmsg.c.obj</name>
      </input_file>
      <input_file id="fl-fb">
         <path>C:\ti\ccs1040\ccs\tools\compiler\ti-cgt-arm_20.2.5.LTS\lib\</path>
         <kind>archive</kind>
         <file>rtsv7M4_T_le_v4SPD16_eabi.lib</file>
         <name>open.c.obj</name>
      </input_file>
      <input_file id="fl-fc">
         <path>C:\ti\ccs1040\ccs\tools\compiler\ti-cgt-arm_20.2.5.LTS\lib\</path>
         <kind>archive</kind>
         <file>rtsv7M4_T_le_v4SPD16_eabi.lib</file>
         <name>lseek.c.obj</name>
      </input_file>
      <input_file id="fl-fd">
         <path>C:\ti\ccs1040\ccs\tools\compiler\ti-cgt-arm_20.2.5.LTS\lib\</path>
         <kind>archive</kind>
         <file>rtsv7M4_T_le_v4SPD16_eabi.lib</file>
         <name>fclose.c.obj</name>
      </input_file>
      <input_file id="fl-fe">
         <path>C:\ti\ccs1040\ccs\tools\compiler\ti-cgt-arm_20.2.5.LTS\lib\</path>
         <kind>archive</kind>
         <file>rtsv7M4_T_le_v4SPD16_eabi.lib</file>
         <name>getdevice.c.obj</name>
      </input_file>
      <input_file id="fl-ff">
         <path>C:\ti\ccs1040\ccs\tools\compiler\ti-cgt-arm_20.2.5.LTS\lib\</path>
         <kind>archive</kind>
         <file>rtsv7M4_T_le_v4SPD16_eabi.lib</file>
         <name>strcmp.c.obj</name>
      </input_file>
      <input_file id="fl-100">
         <path>C:\ti\ccs1040\ccs\tools\compiler\ti-cgt-arm_20.2.5.LTS\lib\</path>
         <kind>archive</kind>
         <file>rtsv7M4_T_le_v4SPD16_eabi.lib</file>
         <name>strcpy.c.obj</name>
      </input_file>
      <input_file id="fl-101">
         <path>C:\ti\ccs1040\ccs\tools\compiler\ti-cgt-arm_20.2.5.LTS\lib\</path>
         <kind>archive</kind>
         <file>rtsv7M4_T_le_v4SPD16_eabi.lib</file>
         <name>strncpy.c.obj</name>
      </input_file>
      <input_file id="fl-102">
         <path>C:\ti\ccs1040\ccs\tools\compiler\ti-cgt-arm_20.2.5.LTS\lib\</path>
         <kind>archive</kind>
         <file>rtsv7M4_T_le_v4SPD16_eabi.lib</file>
         <name>remove.c.obj</name>
      </input_file>
      <input_file id="fl-103">
         <path>C:\ti\ccs1040\ccs\tools\compiler\ti-cgt-arm_20.2.5.LTS\lib\</path>
         <kind>archive</kind>
         <file>rtsv7M4_T_le_v4SPD16_eabi.lib</file>
         <name>close.c.obj</name>
      </input_file>
      <input_file id="fl-104">
         <path>C:\ti\ccs1040\ccs\tools\compiler\ti-cgt-arm_20.2.5.LTS\lib\</path>
         <kind>archive</kind>
         <file>rtsv7M4_T_le_v4SPD16_eabi.lib</file>
         <name>unlink.c.obj</name>
      </input_file>
   </input_file_list>
   <object_component_list>
      <object_component id="oc-26">
         <name>.intvecs:retain</name>
         <load_address>0x0</load_address>
         <run_address>0x0</run_address>
         <size>0xe4</size>
         <input_file_ref idref="fl-4"/>
      </object_component>
      <object_component id="oc-1ad">
         <name>.text</name>
         <load_address>0xe4</load_address>
         <run_address>0xe4</run_address>
         <size>0x104c</size>
         <input_file_ref idref="fl-e"/>
      </object_component>
      <object_component id="oc-70">
         <name>.text</name>
         <load_address>0x1130</load_address>
         <run_address>0x1130</run_address>
         <size>0xa6c</size>
         <input_file_ref idref="fl-3"/>
      </object_component>
      <object_component id="oc-1db">
         <name>.text:__TI_printfi</name>
         <load_address>0x1b9c</load_address>
         <run_address>0x1b9c</run_address>
         <size>0xa4e</size>
         <input_file_ref idref="fl-c5"/>
      </object_component>
      <object_component id="oc-2a8">
         <name>.text:_nop</name>
         <load_address>0x25ea</load_address>
         <run_address>0x25ea</run_address>
         <size>0x2</size>
         <input_file_ref idref="fl-db"/>
      </object_component>
      <object_component id="oc-a0">
         <name>.text</name>
         <load_address>0x25ec</load_address>
         <run_address>0x25ec</run_address>
         <size>0x95c</size>
         <input_file_ref idref="fl-2"/>
      </object_component>
      <object_component id="oc-cb">
         <name>.text</name>
         <load_address>0x2f48</load_address>
         <run_address>0x2f48</run_address>
         <size>0x8a8</size>
         <input_file_ref idref="fl-c"/>
      </object_component>
      <object_component id="oc-b2">
         <name>.text</name>
         <load_address>0x37f0</load_address>
         <run_address>0x37f0</run_address>
         <size>0x334</size>
         <input_file_ref idref="fl-5"/>
      </object_component>
      <object_component id="oc-284">
         <name>.text:_pconv_a</name>
         <load_address>0x3b24</load_address>
         <run_address>0x3b24</run_address>
         <size>0x270</size>
         <input_file_ref idref="fl-c5"/>
      </object_component>
      <object_component id="oc-272">
         <name>.text:_pconv_g</name>
         <load_address>0x3d94</load_address>
         <run_address>0x3d94</run_address>
         <size>0x1d0</size>
         <input_file_ref idref="fl-c5"/>
      </object_component>
      <object_component id="oc-322">
         <name>.text</name>
         <load_address>0x3f64</load_address>
         <run_address>0x3f64</run_address>
         <size>0x1b6</size>
         <input_file_ref idref="fl-ce"/>
      </object_component>
      <object_component id="oc-3af">
         <name>.text</name>
         <load_address>0x411a</load_address>
         <run_address>0x411a</run_address>
         <size>0x2</size>
         <input_file_ref idref="fl-ee"/>
      </object_component>
      <object_component id="oc-1a4">
         <name>.text</name>
         <load_address>0x411c</load_address>
         <run_address>0x411c</run_address>
         <size>0x188</size>
         <input_file_ref idref="fl-d"/>
      </object_component>
      <object_component id="oc-27e">
         <name>.text:_pconv_e</name>
         <load_address>0x42a4</load_address>
         <run_address>0x42a4</run_address>
         <size>0x13c</size>
         <input_file_ref idref="fl-c5"/>
      </object_component>
      <object_component id="oc-308">
         <name>.text</name>
         <load_address>0x43e0</load_address>
         <run_address>0x43e0</run_address>
         <size>0x136</size>
         <input_file_ref idref="fl-d0"/>
      </object_component>
      <object_component id="oc-334">
         <name>.text:fcvt</name>
         <load_address>0x4518</load_address>
         <run_address>0x4518</run_address>
         <size>0x124</size>
         <input_file_ref idref="fl-c5"/>
      </object_component>
      <object_component id="oc-2b6">
         <name>.text:fputs</name>
         <load_address>0x463c</load_address>
         <run_address>0x463c</run_address>
         <size>0x114</size>
         <input_file_ref idref="fl-c8"/>
      </object_component>
      <object_component id="oc-348">
         <name>.text:scalbn</name>
         <load_address>0x4750</load_address>
         <run_address>0x4750</run_address>
         <size>0x110</size>
         <input_file_ref idref="fl-cc"/>
      </object_component>
      <object_component id="oc-45a">
         <name>.text:aligned_alloc</name>
         <load_address>0x4860</load_address>
         <run_address>0x4860</run_address>
         <size>0x100</size>
         <input_file_ref idref="fl-e2"/>
      </object_component>
      <object_component id="oc-303">
         <name>.text</name>
         <load_address>0x4960</load_address>
         <run_address>0x4960</run_address>
         <size>0xfc</size>
         <input_file_ref idref="fl-d1"/>
      </object_component>
      <object_component id="oc-418">
         <name>.text:free</name>
         <load_address>0x4a5c</load_address>
         <run_address>0x4a5c</run_address>
         <size>0xe4</size>
         <input_file_ref idref="fl-e2"/>
      </object_component>
      <object_component id="oc-3ea">
         <name>.text:setvbuf</name>
         <load_address>0x4b40</load_address>
         <run_address>0x4b40</run_address>
         <size>0xdc</size>
         <input_file_ref idref="fl-ca"/>
      </object_component>
      <object_component id="oc-267">
         <name>.text:_ltostr</name>
         <load_address>0x4c1c</load_address>
         <run_address>0x4c1c</run_address>
         <size>0xb1</size>
         <input_file_ref idref="fl-c5"/>
      </object_component>
      <object_component id="oc-3a">
         <name>.text</name>
         <load_address>0x4cce</load_address>
         <run_address>0x4cce</run_address>
         <size>0x9c</size>
         <input_file_ref idref="fl-d4"/>
      </object_component>
      <object_component id="oc-2fc">
         <name>.text</name>
         <load_address>0x4d6a</load_address>
         <run_address>0x4d6a</run_address>
         <size>0x96</size>
         <input_file_ref idref="fl-d5"/>
      </object_component>
      <object_component id="oc-2bd">
         <name>.text:fputc</name>
         <load_address>0x4e00</load_address>
         <run_address>0x4e00</run_address>
         <size>0x8c</size>
         <input_file_ref idref="fl-c7"/>
      </object_component>
      <object_component id="oc-26d">
         <name>.text:__aeabi_cdcmple</name>
         <load_address>0x4e8c</load_address>
         <run_address>0x4e8c</run_address>
         <size>0x86</size>
         <input_file_ref idref="fl-cf"/>
      </object_component>
      <object_component id="oc-30d">
         <name>.text:__aeabi_cdrcmple</name>
         <load_address>0x4f12</load_address>
         <run_address>0x4f12</run_address>
         <size>0x86</size>
         <input_file_ref idref="fl-cf"/>
      </object_component>
      <object_component id="oc-94">
         <name>.text</name>
         <load_address>0x4f98</load_address>
         <run_address>0x4f98</run_address>
         <size>0x7a</size>
         <input_file_ref idref="fl-d6"/>
      </object_component>
      <object_component id="oc-140">
         <name>.text</name>
         <load_address>0x5014</load_address>
         <run_address>0x5014</run_address>
         <size>0x78</size>
         <input_file_ref idref="fl-b"/>
      </object_component>
      <object_component id="oc-461">
         <name>.text:__TI_closefile</name>
         <load_address>0x508c</load_address>
         <run_address>0x508c</run_address>
         <size>0x74</size>
         <input_file_ref idref="fl-fd"/>
      </object_component>
      <object_component id="oc-4a2">
         <name>.text:split</name>
         <load_address>0x5100</load_address>
         <run_address>0x5100</run_address>
         <size>0x70</size>
         <input_file_ref idref="fl-e2"/>
      </object_component>
      <object_component id="oc-32d">
         <name>.text:_mcpy</name>
         <load_address>0x5170</load_address>
         <run_address>0x5170</run_address>
         <size>0x6e</size>
         <input_file_ref idref="fl-c5"/>
      </object_component>
      <object_component id="oc-491">
         <name>.text:HOSTrename</name>
         <load_address>0x51e0</load_address>
         <run_address>0x51e0</run_address>
         <size>0x6c</size>
         <input_file_ref idref="fl-f7"/>
      </object_component>
      <object_component id="oc-485">
         <name>.text:HOSTlseek</name>
         <load_address>0x524c</load_address>
         <run_address>0x524c</run_address>
         <size>0x68</size>
         <input_file_ref idref="fl-f4"/>
      </object_component>
      <object_component id="oc-17">
         <name>.text:decompress:lzss:__TI_decompress_lzss</name>
         <load_address>0x52b4</load_address>
         <run_address>0x52b4</run_address>
         <size>0x68</size>
         <input_file_ref idref="fl-d9"/>
      </object_component>
      <object_component id="oc-125">
         <name>.text:printf</name>
         <load_address>0x531c</load_address>
         <run_address>0x531c</run_address>
         <size>0x68</size>
         <input_file_ref idref="fl-c4"/>
      </object_component>
      <object_component id="oc-342">
         <name>.text:frexp</name>
         <load_address>0x5384</load_address>
         <run_address>0x5384</run_address>
         <size>0x64</size>
         <input_file_ref idref="fl-cb"/>
      </object_component>
      <object_component id="oc-3e4">
         <name>.text:fseek</name>
         <load_address>0x53e8</load_address>
         <run_address>0x53e8</run_address>
         <size>0x64</size>
         <input_file_ref idref="fl-ec"/>
      </object_component>
      <object_component id="oc-379">
         <name>.text:__TI_wrt_ok</name>
         <load_address>0x544c</load_address>
         <run_address>0x544c</run_address>
         <size>0x62</size>
         <input_file_ref idref="fl-c9"/>
      </object_component>
      <object_component id="oc-46d">
         <name>.text:HOSTopen</name>
         <load_address>0x54b0</load_address>
         <run_address>0x54b0</run_address>
         <size>0x60</size>
         <input_file_ref idref="fl-f5"/>
      </object_component>
      <object_component id="oc-4a9">
         <name>.text:close</name>
         <load_address>0x5510</load_address>
         <run_address>0x5510</run_address>
         <size>0x5c</size>
         <input_file_ref idref="fl-103"/>
      </object_component>
      <object_component id="oc-479">
         <name>.text:HOSTread</name>
         <load_address>0x556c</load_address>
         <run_address>0x556c</run_address>
         <size>0x58</size>
         <input_file_ref idref="fl-f6"/>
      </object_component>
      <object_component id="oc-47f">
         <name>.text:HOSTwrite</name>
         <load_address>0x55c4</load_address>
         <run_address>0x55c4</run_address>
         <size>0x58</size>
         <input_file_ref idref="fl-f9"/>
      </object_component>
      <object_component id="oc-278">
         <name>.text:_pconv_f</name>
         <load_address>0x561c</load_address>
         <run_address>0x561c</run_address>
         <size>0x56</size>
         <input_file_ref idref="fl-c5"/>
      </object_component>
      <object_component id="oc-317">
         <name>.text:__TI_ltoa</name>
         <load_address>0x5672</load_address>
         <run_address>0x5672</run_address>
         <size>0x54</size>
         <input_file_ref idref="fl-dc"/>
      </object_component>
      <object_component id="oc-327">
         <name>.text:_ecpy</name>
         <load_address>0x56c6</load_address>
         <run_address>0x56c6</run_address>
         <size>0x52</size>
         <input_file_ref idref="fl-c5"/>
      </object_component>
      <object_component id="oc-385">
         <name>.text:__TI_doflush</name>
         <load_address>0x5718</load_address>
         <run_address>0x5718</run_address>
         <size>0x4c</size>
         <input_file_ref idref="fl-ea"/>
      </object_component>
      <object_component id="oc-261">
         <name>.text:atoi</name>
         <load_address>0x5764</load_address>
         <run_address>0x5764</run_address>
         <size>0x4c</size>
         <input_file_ref idref="fl-dd"/>
      </object_component>
      <object_component id="oc-152">
         <name>.text:exit</name>
         <load_address>0x57b0</load_address>
         <run_address>0x57b0</run_address>
         <size>0x48</size>
         <input_file_ref idref="fl-da"/>
      </object_component>
      <object_component id="oc-312">
         <name>.text</name>
         <load_address>0x57f8</load_address>
         <run_address>0x57f8</run_address>
         <size>0x48</size>
         <input_file_ref idref="fl-d2"/>
      </object_component>
      <object_component id="oc-473">
         <name>.text:HOSTclose</name>
         <load_address>0x5840</load_address>
         <run_address>0x5840</run_address>
         <size>0x44</size>
         <input_file_ref idref="fl-f3"/>
      </object_component>
      <object_component id="oc-48b">
         <name>.text:HOSTunlink</name>
         <load_address>0x5884</load_address>
         <run_address>0x5884</run_address>
         <size>0x44</size>
         <input_file_ref idref="fl-f8"/>
      </object_component>
      <object_component id="oc-158">
         <name>.text:__TI_auto_init_nobinit_nopinit:__TI_auto_init_nobinit_nopinit</name>
         <load_address>0x58c8</load_address>
         <run_address>0x58c8</run_address>
         <size>0x44</size>
         <input_file_ref idref="fl-ef"/>
      </object_component>
      <object_component id="oc-4e1">
         <name>.text:getdevice</name>
         <load_address>0x590c</load_address>
         <run_address>0x590c</run_address>
         <size>0x44</size>
         <input_file_ref idref="fl-fe"/>
      </object_component>
      <object_component id="oc-131">
         <name>.text:sprintf</name>
         <load_address>0x5950</load_address>
         <run_address>0x5950</run_address>
         <size>0x40</size>
         <input_file_ref idref="fl-c6"/>
      </object_component>
      <object_component id="oc-33a">
         <name>.text:_fcpy</name>
         <load_address>0x5990</load_address>
         <run_address>0x5990</run_address>
         <size>0x3e</size>
         <input_file_ref idref="fl-c5"/>
      </object_component>
      <object_component id="oc-4ba">
         <name>.text:__TI_writemsg</name>
         <load_address>0x59d0</load_address>
         <run_address>0x59d0</run_address>
         <size>0x38</size>
         <input_file_ref idref="fl-fa"/>
      </object_component>
      <object_component id="oc-503">
         <name>.text:strncpy</name>
         <load_address>0x5a08</load_address>
         <run_address>0x5a08</run_address>
         <size>0x36</size>
         <input_file_ref idref="fl-101"/>
      </object_component>
      <object_component id="oc-424">
         <name>.text:__TI_cleanup</name>
         <load_address>0x5a40</load_address>
         <run_address>0x5a40</run_address>
         <size>0x34</size>
         <input_file_ref idref="fl-eb"/>
      </object_component>
      <object_component id="oc-4c0">
         <name>.text:__TI_readmsg</name>
         <load_address>0x5a74</load_address>
         <run_address>0x5a74</run_address>
         <size>0x34</size>
         <input_file_ref idref="fl-fa"/>
      </object_component>
      <object_component id="oc-58">
         <name>.text:_c_int00_noargs:_c_int00_noargs</name>
         <load_address>0x5aa8</load_address>
         <run_address>0x5aa8</run_address>
         <size>0x34</size>
         <input_file_ref idref="fl-e7"/>
      </object_component>
      <object_component id="oc-13a">
         <name>.text:rand</name>
         <load_address>0x5adc</load_address>
         <run_address>0x5adc</run_address>
         <size>0x34</size>
         <input_file_ref idref="fl-e3"/>
      </object_component>
      <object_component id="oc-509">
         <name>.text:finddevice</name>
         <load_address>0x5b10</load_address>
         <run_address>0x5b10</run_address>
         <size>0x30</size>
         <input_file_ref idref="fl-fe"/>
      </object_component>
      <object_component id="oc-31d">
         <name>.text</name>
         <load_address>0x5b40</load_address>
         <run_address>0x5b40</run_address>
         <size>0x2e</size>
         <input_file_ref idref="fl-d3"/>
      </object_component>
      <object_component id="oc-4af">
         <name>.text:unlink</name>
         <load_address>0x5b70</load_address>
         <run_address>0x5b70</run_address>
         <size>0x2c</size>
         <input_file_ref idref="fl-104"/>
      </object_component>
      <object_component id="oc-453">
         <name>.text:free_list_insert</name>
         <load_address>0x5b9c</load_address>
         <run_address>0x5b9c</run_address>
         <size>0x28</size>
         <input_file_ref idref="fl-e2"/>
      </object_component>
      <object_component id="oc-410">
         <name>.text:lseek</name>
         <load_address>0x5bc4</load_address>
         <run_address>0x5bc4</run_address>
         <size>0x28</size>
         <input_file_ref idref="fl-fc"/>
      </object_component>
      <object_component id="oc-38b">
         <name>.text:write</name>
         <load_address>0x5bec</load_address>
         <run_address>0x5bec</run_address>
         <size>0x28</size>
         <input_file_ref idref="fl-e8"/>
      </object_component>
      <object_component id="oc-37f">
         <name>.text:memchr</name>
         <load_address>0x5c14</load_address>
         <run_address>0x5c14</run_address>
         <size>0x20</size>
         <input_file_ref idref="fl-e1"/>
      </object_component>
      <object_component id="oc-44d">
         <name>.text:free_list_remove</name>
         <load_address>0x5c34</load_address>
         <run_address>0x5c34</run_address>
         <size>0x1c</size>
         <input_file_ref idref="fl-e2"/>
      </object_component>
      <object_component id="oc-28a">
         <name>.text:memccpy</name>
         <load_address>0x5c50</load_address>
         <run_address>0x5c50</run_address>
         <size>0x1c</size>
         <input_file_ref idref="fl-e0"/>
      </object_component>
      <object_component id="oc-3c8">
         <name>.text:copysign</name>
         <load_address>0x5c6c</load_address>
         <run_address>0x5c6c</run_address>
         <size>0x1a</size>
         <input_file_ref idref="fl-ed"/>
      </object_component>
      <object_component id="oc-1fe">
         <name>.text:_outs</name>
         <load_address>0x5c86</load_address>
         <run_address>0x5c86</run_address>
         <size>0x18</size>
         <input_file_ref idref="fl-c6"/>
      </object_component>
      <object_component id="oc-520">
         <name>.text:strcmp</name>
         <load_address>0x5c9e</load_address>
         <run_address>0x5c9e</run_address>
         <size>0x18</size>
         <input_file_ref idref="fl-ff"/>
      </object_component>
      <object_component id="oc-34e">
         <name>.text:strchr</name>
         <load_address>0x5cb6</load_address>
         <run_address>0x5cb6</run_address>
         <size>0x16</size>
         <input_file_ref idref="fl-e4"/>
      </object_component>
      <object_component id="oc-4d4">
         <name>.text:strcpy</name>
         <load_address>0x5ccc</load_address>
         <run_address>0x5ccc</run_address>
         <size>0x14</size>
         <input_file_ref idref="fl-100"/>
      </object_component>
      <object_component id="oc-25b">
         <name>.text:strlen</name>
         <load_address>0x5ce0</load_address>
         <run_address>0x5ce0</run_address>
         <size>0x14</size>
         <input_file_ref idref="fl-e5"/>
      </object_component>
      <object_component id="oc-290">
         <name>.text:wcslen</name>
         <load_address>0x5cf4</load_address>
         <run_address>0x5cf4</run_address>
         <size>0x12</size>
         <input_file_ref idref="fl-cd"/>
      </object_component>
      <object_component id="oc-1d">
         <name>.text:decompress:none:__TI_decompress_none</name>
         <load_address>0x5d06</load_address>
         <run_address>0x5d06</run_address>
         <size>0xe</size>
         <input_file_ref idref="fl-d8"/>
      </object_component>
      <object_component id="oc-6a">
         <name>.text</name>
         <load_address>0x5d14</load_address>
         <run_address>0x5d14</run_address>
         <size>0xe</size>
         <input_file_ref idref="fl-4"/>
      </object_component>
      <object_component id="oc-4c">
         <name>.text:decompress:ZI:__TI_zero_init</name>
         <load_address>0x5d22</load_address>
         <run_address>0x5d22</run_address>
         <size>0xc</size>
         <input_file_ref idref="fl-d7"/>
      </object_component>
      <object_component id="oc-204">
         <name>.text:_outc</name>
         <load_address>0x5d2e</load_address>
         <run_address>0x5d2e</run_address>
         <size>0xa</size>
         <input_file_ref idref="fl-c6"/>
      </object_component>
      <object_component id="oc-296">
         <name>.text:__aeabi_errno_addr</name>
         <load_address>0x5d38</load_address>
         <run_address>0x5d38</run_address>
         <size>0x8</size>
         <input_file_ref idref="fl-e6"/>
      </object_component>
      <object_component id="oc-41e">
         <name>.text:malloc</name>
         <load_address>0x5d40</load_address>
         <run_address>0x5d40</run_address>
         <size>0x8</size>
         <input_file_ref idref="fl-e2"/>
      </object_component>
      <object_component id="oc-1ed">
         <name>.text:_outc</name>
         <load_address>0x5d48</load_address>
         <run_address>0x5d48</run_address>
         <size>0x4</size>
         <input_file_ref idref="fl-c4"/>
      </object_component>
      <object_component id="oc-1e7">
         <name>.text:_outs</name>
         <load_address>0x5d4c</load_address>
         <run_address>0x5d4c</run_address>
         <size>0x4</size>
         <input_file_ref idref="fl-c4"/>
      </object_component>
      <object_component id="oc-9a">
         <name>.text:_system_pre_init</name>
         <load_address>0x5d50</load_address>
         <run_address>0x5d50</run_address>
         <size>0x4</size>
         <input_file_ref idref="fl-f0"/>
      </object_component>
      <object_component id="oc-14c">
         <name>.text:abort:abort</name>
         <load_address>0x5d54</load_address>
         <run_address>0x5d54</run_address>
         <size>0x4</size>
         <input_file_ref idref="fl-da"/>
      </object_component>
      <object_component id="oc-240">
         <name>.const:font_11x16</name>
         <load_address>0x5d58</load_address>
         <run_address>0x5d58</run_address>
         <size>0x82a</size>
         <input_file_ref idref="fl-e"/>
      </object_component>
      <object_component id="oc-243">
         <name>.const:font_8x12</name>
         <load_address>0x6582</load_address>
         <run_address>0x6582</run_address>
         <size>0x474</size>
         <input_file_ref idref="fl-e"/>
      </object_component>
      <object_component id="oc-23d">
         <name>.const:font_5x7</name>
         <load_address>0x69f6</load_address>
         <run_address>0x69f6</run_address>
         <size>0x1e0</size>
         <input_file_ref idref="fl-e"/>
      </object_component>
      <object_component id="oc-2f7">
         <name>.const:.string:_ctypes_</name>
         <load_address>0x6bd6</load_address>
         <run_address>0x6bd6</run_address>
         <size>0x101</size>
         <input_file_ref idref="fl-de"/>
      </object_component>
      <object_component id="oc-1b3">
         <name>.const:.string:$P$T0$1</name>
         <load_address>0x6cd7</load_address>
         <run_address>0x6cd7</run_address>
         <size>0x10</size>
         <input_file_ref idref="fl-c"/>
      </object_component>
      <object_component id="oc-1b6">
         <name>.const:.string:$P$T1$2</name>
         <load_address>0x6ce7</load_address>
         <run_address>0x6ce7</run_address>
         <size>0x10</size>
         <input_file_ref idref="fl-c"/>
      </object_component>
      <object_component id="oc-12e">
         <name>.const:.string:$P$T0$1</name>
         <load_address>0x6cf7</load_address>
         <run_address>0x6cf7</run_address>
         <size>0x3</size>
         <input_file_ref idref="fl-2"/>
      </object_component>
      <object_component id="oc-bf">
         <name>.const:.string:$P$T0$2</name>
         <load_address>0x6cfa</load_address>
         <run_address>0x6cfa</run_address>
         <size>0x3</size>
         <input_file_ref idref="fl-3"/>
      </object_component>
      <object_component id="oc-c2">
         <name>.const:.string:$P$T1$3</name>
         <load_address>0x6cfd</load_address>
         <run_address>0x6cfd</run_address>
         <size>0x3</size>
         <input_file_ref idref="fl-3"/>
      </object_component>
      <object_component id="oc-e3">
         <name>.const:.string:$P$T10$12</name>
         <load_address>0x6d00</load_address>
         <run_address>0x6d00</run_address>
         <size>0x3</size>
         <input_file_ref idref="fl-3"/>
      </object_component>
      <object_component id="oc-e6">
         <name>.const:.string:$P$T11$13</name>
         <load_address>0x6d03</load_address>
         <run_address>0x6d03</run_address>
         <size>0x3</size>
         <input_file_ref idref="fl-3"/>
      </object_component>
      <object_component id="oc-e9">
         <name>.const:.string:$P$T12$14</name>
         <load_address>0x6d06</load_address>
         <run_address>0x6d06</run_address>
         <size>0x3</size>
         <input_file_ref idref="fl-3"/>
      </object_component>
      <object_component id="oc-ec">
         <name>.const:.string:$P$T13$15</name>
         <load_address>0x6d09</load_address>
         <run_address>0x6d09</run_address>
         <size>0x3</size>
         <input_file_ref idref="fl-3"/>
      </object_component>
      <object_component id="oc-c5">
         <name>.const:.string:$P$T2$4</name>
         <load_address>0x6d0c</load_address>
         <run_address>0x6d0c</run_address>
         <size>0x3</size>
         <input_file_ref idref="fl-3"/>
      </object_component>
      <object_component id="oc-c8">
         <name>.const:.string:$P$T3$5</name>
         <load_address>0x6d0f</load_address>
         <run_address>0x6d0f</run_address>
         <size>0x3</size>
         <input_file_ref idref="fl-3"/>
      </object_component>
      <object_component id="oc-d1">
         <name>.const:.string:$P$T4$6</name>
         <load_address>0x6d12</load_address>
         <run_address>0x6d12</run_address>
         <size>0x3</size>
         <input_file_ref idref="fl-3"/>
      </object_component>
      <object_component id="oc-d4">
         <name>.const:.string:$P$T5$7</name>
         <load_address>0x6d15</load_address>
         <run_address>0x6d15</run_address>
         <size>0x3</size>
         <input_file_ref idref="fl-3"/>
      </object_component>
      <object_component id="oc-d7">
         <name>.const:.string:$P$T6$8</name>
         <load_address>0x6d18</load_address>
         <run_address>0x6d18</run_address>
         <size>0x3</size>
         <input_file_ref idref="fl-3"/>
      </object_component>
      <object_component id="oc-da">
         <name>.const:.string:$P$T7$9</name>
         <load_address>0x6d1b</load_address>
         <run_address>0x6d1b</run_address>
         <size>0x3</size>
         <input_file_ref idref="fl-3"/>
      </object_component>
      <object_component id="oc-dd">
         <name>.const:.string:$P$T8$10</name>
         <load_address>0x6d1e</load_address>
         <run_address>0x6d1e</run_address>
         <size>0x3</size>
         <input_file_ref idref="fl-3"/>
      </object_component>
      <object_component id="oc-e0">
         <name>.const:.string:$P$T9$11</name>
         <load_address>0x6d21</load_address>
         <run_address>0x6d21</run_address>
         <size>0x3</size>
         <input_file_ref idref="fl-3"/>
      </object_component>
      <object_component id="oc-ef">
         <name>.const:.string:$P$T15$16</name>
         <load_address>0x6d24</load_address>
         <run_address>0x6d24</run_address>
         <size>0x2</size>
         <input_file_ref idref="fl-3"/>
      </object_component>
      <object_component id="oc-560">
         <name>.cinit..data.load</name>
         <load_address>0x6d28</load_address>
         <run_address>0x6d28</run_address>
         <size>0x82</size>
      </object_component>
      <object_component id="oc-55e">
         <name>__TI_handler_table</name>
         <load_address>0x6dac</load_address>
         <run_address>0x6dac</run_address>
         <size>0xc</size>
      </object_component>
      <object_component id="oc-561">
         <name>.cinit..bss.load</name>
         <load_address>0x6db8</load_address>
         <run_address>0x6db8</run_address>
         <size>0x8</size>
      </object_component>
      <object_component id="oc-55f">
         <name>__TI_cinit_table</name>
         <load_address>0x6dc0</load_address>
         <run_address>0x6dc0</run_address>
         <size>0x10</size>
      </object_component>
      <object_component id="oc-532">
         <name>.binit</name>
         <load_address>0x0</load_address>
         <run_address>0x0</run_address>
         <size>0x0</size>
      </object_component>
      <object_component id="oc-12b">
         <name>.data</name>
         <load_address>0x20000bd4</load_address>
         <run_address>0x20000bd4</run_address>
         <size>0x4</size>
         <input_file_ref idref="fl-2"/>
      </object_component>
      <object_component id="oc-b9">
         <name>.data</name>
         <load_address>0x20000bc8</load_address>
         <run_address>0x20000bc8</run_address>
         <size>0x8</size>
         <input_file_ref idref="fl-3"/>
      </object_component>
      <object_component id="oc-18a">
         <name>.data</name>
         <load_address>0x20000be0</load_address>
         <run_address>0x20000be0</run_address>
         <size>0x4</size>
         <input_file_ref idref="fl-5"/>
      </object_component>
      <object_component id="oc-1aa">
         <name>.data</name>
         <load_address>0x20000bac</load_address>
         <run_address>0x20000bac</run_address>
         <size>0xa</size>
         <input_file_ref idref="fl-c"/>
      </object_component>
      <object_component id="oc-23a">
         <name>.data</name>
         <load_address>0x20000bd0</load_address>
         <run_address>0x20000bd0</run_address>
         <size>0x4</size>
         <input_file_ref idref="fl-e"/>
      </object_component>
      <object_component id="oc-219">
         <name>.data:$O1$$</name>
         <load_address>0x20000ba0</load_address>
         <run_address>0x20000ba0</run_address>
         <size>0xc</size>
         <input_file_ref idref="fl-da"/>
      </object_component>
      <object_component id="oc-1e1">
         <name>.data:$O1$$</name>
         <load_address>0x20000bb8</load_address>
         <run_address>0x20000bb8</run_address>
         <size>0x8</size>
         <input_file_ref idref="fl-db"/>
      </object_component>
      <object_component id="oc-1e4">
         <name>.data:_ftable</name>
         <load_address>0x200009d8</load_address>
         <run_address>0x200009d8</run_address>
         <size>0xf0</size>
         <input_file_ref idref="fl-df"/>
      </object_component>
      <object_component id="oc-467">
         <name>.data</name>
         <load_address>0x20000b90</load_address>
         <run_address>0x20000b90</run_address>
         <size>0x10</size>
         <input_file_ref idref="fl-df"/>
      </object_component>
      <object_component id="oc-49d">
         <name>.data:$O1$$</name>
         <load_address>0x20000bc0</load_address>
         <run_address>0x20000bc0</run_address>
         <size>0x8</size>
         <input_file_ref idref="fl-e2"/>
      </object_component>
      <object_component id="oc-213">
         <name>.data</name>
         <load_address>0x20000bdc</load_address>
         <run_address>0x20000bdc</run_address>
         <size>0x4</size>
         <input_file_ref idref="fl-e3"/>
      </object_component>
      <object_component id="oc-35e">
         <name>.data</name>
         <load_address>0x20000bd8</load_address>
         <run_address>0x20000bd8</run_address>
         <size>0x4</size>
         <input_file_ref idref="fl-e6"/>
      </object_component>
      <object_component id="oc-437">
         <name>.data:_device</name>
         <load_address>0x20000ac8</load_address>
         <run_address>0x20000ac8</run_address>
         <size>0x78</size>
         <input_file_ref idref="fl-e9"/>
      </object_component>
      <object_component id="oc-3f6">
         <name>.data:_stream</name>
         <load_address>0x20000b40</load_address>
         <run_address>0x20000b40</run_address>
         <size>0x50</size>
         <input_file_ref idref="fl-e9"/>
      </object_component>
      <object_component id="oc-246">
         <name>.bss:g_pulConvertedPalette</name>
         <uninitialized>true</uninitialized>
         <run_address>0x20000000</run_address>
         <size>0x400</size>
         <input_file_ref idref="fl-e"/>
      </object_component>
      <object_component id="oc-4eb">
         <name>.bss:_CIOBUF_</name>
         <uninitialized>true</uninitialized>
         <run_address>0x20000400</run_address>
         <size>0x120</size>
         <input_file_ref idref="fl-fa"/>
      </object_component>
      <object_component id="oc-137">
         <name>.common:valors_sensors</name>
         <uninitialized>true</uninitialized>
         <run_address>0x200005c8</run_address>
         <size>0x8</size>
      </object_component>
      <object_component id="oc-bc">
         <name>.common:dada_UART</name>
         <uninitialized>true</uninitialized>
         <run_address>0x200005d0</run_address>
         <size>0x1</size>
      </object_component>
      <object_component id="oc-4b5">
         <name>.common:__TI_tmpnams</name>
         <uninitialized>true</uninitialized>
         <run_address>0x20000520</run_address>
         <size>0xa0</size>
      </object_component>
      <object_component id="oc-4c6">
         <name>.common:parmbuf</name>
         <uninitialized>true</uninitialized>
         <run_address>0x200005c0</run_address>
         <size>0x8</size>
      </object_component>
      <object_component id="oc-29">
         <name>.sysmem</name>
         <uninitialized>true</uninitialized>
         <run_address>0x200005d8</run_address>
         <size>0x10</size>
         <input_file_ref idref="fl-e2"/>
      </object_component>
      <object_component id="oc-564">
         <name>.sysmem</name>
         <uninitialized>true</uninitialized>
         <run_address>0x200005d8</run_address>
         <size>0x0</size>
      </object_component>
      <object_component id="oc-2c">
         <name>.stack</name>
         <uninitialized>true</uninitialized>
         <run_address>0x2000fe00</run_address>
         <size>0x4</size>
         <input_file_ref idref="fl-e7"/>
      </object_component>
      <object_component id="oc-563">
         <name>.stack</name>
         <uninitialized>true</uninitialized>
         <run_address>0x2000fe00</run_address>
         <size>0x0</size>
      </object_component>
      <object_component id="oc-138">
         <name>.debug_info</name>
         <load_address>0x0</load_address>
         <run_address>0x0</run_address>
         <size>0x9f5</size>
         <input_file_ref idref="fl-2"/>
      </object_component>
      <object_component id="oc-12c">
         <name>.debug_info</name>
         <load_address>0x9f5</load_address>
         <run_address>0x9f5</run_address>
         <size>0x165</size>
         <input_file_ref idref="fl-2"/>
      </object_component>
      <object_component id="oc-12f">
         <name>.debug_info</name>
         <load_address>0xb5a</load_address>
         <run_address>0xb5a</run_address>
         <size>0xe3</size>
         <input_file_ref idref="fl-2"/>
      </object_component>
      <object_component id="oc-a1">
         <name>.debug_info</name>
         <load_address>0xc3d</load_address>
         <run_address>0xc3d</run_address>
         <size>0x11a4</size>
         <input_file_ref idref="fl-2"/>
      </object_component>
      <object_component id="oc-147">
         <name>.debug_info</name>
         <load_address>0x1de1</load_address>
         <run_address>0x1de1</run_address>
         <size>0x6a</size>
         <input_file_ref idref="fl-2"/>
      </object_component>
      <object_component id="oc-104">
         <name>.debug_info</name>
         <load_address>0x1e4b</load_address>
         <run_address>0x1e4b</run_address>
         <size>0x26b</size>
         <input_file_ref idref="fl-2"/>
      </object_component>
      <object_component id="oc-197">
         <name>.debug_info</name>
         <load_address>0x20b6</load_address>
         <run_address>0x20b6</run_address>
         <size>0x1055</size>
         <input_file_ref idref="fl-2"/>
      </object_component>
      <object_component id="oc-20e">
         <name>.debug_info</name>
         <load_address>0x310b</load_address>
         <run_address>0x310b</run_address>
         <size>0x37e2</size>
         <input_file_ref idref="fl-2"/>
      </object_component>
      <object_component id="oc-fd">
         <name>.debug_info</name>
         <load_address>0x68ed</load_address>
         <run_address>0x68ed</run_address>
         <size>0xcd</size>
         <input_file_ref idref="fl-2"/>
      </object_component>
      <object_component id="oc-f3">
         <name>.debug_info</name>
         <load_address>0x69ba</load_address>
         <run_address>0x69ba</run_address>
         <size>0x8b</size>
         <input_file_ref idref="fl-2"/>
      </object_component>
      <object_component id="oc-1d6">
         <name>.debug_info</name>
         <load_address>0x6a45</load_address>
         <run_address>0x6a45</run_address>
         <size>0x2a4</size>
         <input_file_ref idref="fl-2"/>
      </object_component>
      <object_component id="oc-f8">
         <name>.debug_info</name>
         <load_address>0x6ce9</load_address>
         <run_address>0x6ce9</run_address>
         <size>0xbb</size>
         <input_file_ref idref="fl-2"/>
      </object_component>
      <object_component id="oc-1f5">
         <name>.debug_info</name>
         <load_address>0x6da4</load_address>
         <run_address>0x6da4</run_address>
         <size>0x2c</size>
         <input_file_ref idref="fl-2"/>
      </object_component>
      <object_component id="oc-bd">
         <name>.debug_info</name>
         <load_address>0x6dd0</load_address>
         <run_address>0x6dd0</run_address>
         <size>0x6f3</size>
         <input_file_ref idref="fl-3"/>
      </object_component>
      <object_component id="oc-ba">
         <name>.debug_info</name>
         <load_address>0x74c3</load_address>
         <run_address>0x74c3</run_address>
         <size>0x10b</size>
         <input_file_ref idref="fl-3"/>
      </object_component>
      <object_component id="oc-c0">
         <name>.debug_info</name>
         <load_address>0x75ce</load_address>
         <run_address>0x75ce</run_address>
         <size>0xeb</size>
         <input_file_ref idref="fl-3"/>
      </object_component>
      <object_component id="oc-c3">
         <name>.debug_info</name>
         <load_address>0x76b9</load_address>
         <run_address>0x76b9</run_address>
         <size>0xeb</size>
         <input_file_ref idref="fl-3"/>
      </object_component>
      <object_component id="oc-c6">
         <name>.debug_info</name>
         <load_address>0x77a4</load_address>
         <run_address>0x77a4</run_address>
         <size>0xeb</size>
         <input_file_ref idref="fl-3"/>
      </object_component>
      <object_component id="oc-c9">
         <name>.debug_info</name>
         <load_address>0x788f</load_address>
         <run_address>0x788f</run_address>
         <size>0xeb</size>
         <input_file_ref idref="fl-3"/>
      </object_component>
      <object_component id="oc-d2">
         <name>.debug_info</name>
         <load_address>0x797a</load_address>
         <run_address>0x797a</run_address>
         <size>0xeb</size>
         <input_file_ref idref="fl-3"/>
      </object_component>
      <object_component id="oc-d5">
         <name>.debug_info</name>
         <load_address>0x7a65</load_address>
         <run_address>0x7a65</run_address>
         <size>0xeb</size>
         <input_file_ref idref="fl-3"/>
      </object_component>
      <object_component id="oc-d8">
         <name>.debug_info</name>
         <load_address>0x7b50</load_address>
         <run_address>0x7b50</run_address>
         <size>0xeb</size>
         <input_file_ref idref="fl-3"/>
      </object_component>
      <object_component id="oc-db">
         <name>.debug_info</name>
         <load_address>0x7c3b</load_address>
         <run_address>0x7c3b</run_address>
         <size>0xeb</size>
         <input_file_ref idref="fl-3"/>
      </object_component>
      <object_component id="oc-de">
         <name>.debug_info</name>
         <load_address>0x7d26</load_address>
         <run_address>0x7d26</run_address>
         <size>0xed</size>
         <input_file_ref idref="fl-3"/>
      </object_component>
      <object_component id="oc-e1">
         <name>.debug_info</name>
         <load_address>0x7e13</load_address>
         <run_address>0x7e13</run_address>
         <size>0xed</size>
         <input_file_ref idref="fl-3"/>
      </object_component>
      <object_component id="oc-e4">
         <name>.debug_info</name>
         <load_address>0x7f00</load_address>
         <run_address>0x7f00</run_address>
         <size>0xef</size>
         <input_file_ref idref="fl-3"/>
      </object_component>
      <object_component id="oc-e7">
         <name>.debug_info</name>
         <load_address>0x7fef</load_address>
         <run_address>0x7fef</run_address>
         <size>0xef</size>
         <input_file_ref idref="fl-3"/>
      </object_component>
      <object_component id="oc-ea">
         <name>.debug_info</name>
         <load_address>0x80de</load_address>
         <run_address>0x80de</run_address>
         <size>0xef</size>
         <input_file_ref idref="fl-3"/>
      </object_component>
      <object_component id="oc-ed">
         <name>.debug_info</name>
         <load_address>0x81cd</load_address>
         <run_address>0x81cd</run_address>
         <size>0xef</size>
         <input_file_ref idref="fl-3"/>
      </object_component>
      <object_component id="oc-f0">
         <name>.debug_info</name>
         <load_address>0x82bc</load_address>
         <run_address>0x82bc</run_address>
         <size>0xef</size>
         <input_file_ref idref="fl-3"/>
      </object_component>
      <object_component id="oc-71">
         <name>.debug_info</name>
         <load_address>0x83ab</load_address>
         <run_address>0x83ab</run_address>
         <size>0x1d1e</size>
         <input_file_ref idref="fl-3"/>
      </object_component>
      <object_component id="oc-192">
         <name>.debug_info</name>
         <load_address>0xa0c9</load_address>
         <run_address>0xa0c9</run_address>
         <size>0x37e2</size>
         <input_file_ref idref="fl-3"/>
      </object_component>
      <object_component id="oc-78">
         <name>.debug_info</name>
         <load_address>0xd8ab</load_address>
         <run_address>0xd8ab</run_address>
         <size>0x2dd</size>
         <input_file_ref idref="fl-4"/>
      </object_component>
      <object_component id="oc-27">
         <name>.debug_info</name>
         <load_address>0xdb88</load_address>
         <run_address>0xdb88</run_address>
         <size>0x109</size>
         <input_file_ref idref="fl-4"/>
      </object_component>
      <object_component id="oc-6d">
         <name>.debug_info</name>
         <load_address>0xdc91</load_address>
         <run_address>0xdc91</run_address>
         <size>0x1d0</size>
         <input_file_ref idref="fl-4"/>
      </object_component>
      <object_component id="oc-35">
         <name>.debug_info</name>
         <load_address>0xde61</load_address>
         <run_address>0xde61</run_address>
         <size>0x84</size>
         <input_file_ref idref="fl-4"/>
      </object_component>
      <object_component id="oc-18b">
         <name>.debug_info</name>
         <load_address>0xdee5</load_address>
         <run_address>0xdee5</run_address>
         <size>0x102</size>
         <input_file_ref idref="fl-5"/>
      </object_component>
      <object_component id="oc-b3">
         <name>.debug_info</name>
         <load_address>0xdfe7</load_address>
         <run_address>0xdfe7</run_address>
         <size>0x274</size>
         <input_file_ref idref="fl-5"/>
      </object_component>
      <object_component id="oc-2f4">
         <name>.debug_info</name>
         <load_address>0xe25b</load_address>
         <run_address>0xe25b</run_address>
         <size>0x395</size>
         <input_file_ref idref="fl-b"/>
      </object_component>
      <object_component id="oc-142">
         <name>.debug_info</name>
         <load_address>0xe5f0</load_address>
         <run_address>0xe5f0</run_address>
         <size>0x181</size>
         <input_file_ref idref="fl-b"/>
      </object_component>
      <object_component id="oc-3a3">
         <name>.debug_info</name>
         <load_address>0xe771</load_address>
         <run_address>0xe771</run_address>
         <size>0x37cd</size>
         <input_file_ref idref="fl-b"/>
      </object_component>
      <object_component id="oc-256">
         <name>.debug_info</name>
         <load_address>0x11f3e</load_address>
         <run_address>0x11f3e</run_address>
         <size>0x1055</size>
         <input_file_ref idref="fl-b"/>
      </object_component>
      <object_component id="oc-1ba">
         <name>.debug_info</name>
         <load_address>0x12f93</load_address>
         <run_address>0x12f93</run_address>
         <size>0x18b</size>
         <input_file_ref idref="fl-b"/>
      </object_component>
      <object_component id="oc-1bf">
         <name>.debug_info</name>
         <load_address>0x1311e</load_address>
         <run_address>0x1311e</run_address>
         <size>0x689</size>
         <input_file_ref idref="fl-c"/>
      </object_component>
      <object_component id="oc-1ab">
         <name>.debug_info</name>
         <load_address>0x137a7</load_address>
         <run_address>0x137a7</run_address>
         <size>0x19a</size>
         <input_file_ref idref="fl-c"/>
      </object_component>
      <object_component id="oc-1b4">
         <name>.debug_info</name>
         <load_address>0x13941</load_address>
         <run_address>0x13941</run_address>
         <size>0xc6</size>
         <input_file_ref idref="fl-c"/>
      </object_component>
      <object_component id="oc-1b7">
         <name>.debug_info</name>
         <load_address>0x13a07</load_address>
         <run_address>0x13a07</run_address>
         <size>0xc6</size>
         <input_file_ref idref="fl-c"/>
      </object_component>
      <object_component id="oc-ce">
         <name>.debug_info</name>
         <load_address>0x13acd</load_address>
         <run_address>0x13acd</run_address>
         <size>0x1818</size>
         <input_file_ref idref="fl-c"/>
      </object_component>
      <object_component id="oc-251">
         <name>.debug_info</name>
         <load_address>0x152e5</load_address>
         <run_address>0x152e5</run_address>
         <size>0x37cd</size>
         <input_file_ref idref="fl-c"/>
      </object_component>
      <object_component id="oc-1a6">
         <name>.debug_info</name>
         <load_address>0x18ab2</load_address>
         <run_address>0x18ab2</run_address>
         <size>0x28b</size>
         <input_file_ref idref="fl-d"/>
      </object_component>
      <object_component id="oc-24a">
         <name>.debug_info</name>
         <load_address>0x18d3d</load_address>
         <run_address>0x18d3d</run_address>
         <size>0x1f1</size>
         <input_file_ref idref="fl-e"/>
      </object_component>
      <object_component id="oc-23e">
         <name>.debug_info</name>
         <load_address>0x18f2e</load_address>
         <run_address>0x18f2e</run_address>
         <size>0xce</size>
         <input_file_ref idref="fl-e"/>
      </object_component>
      <object_component id="oc-244">
         <name>.debug_info</name>
         <load_address>0x18ffc</load_address>
         <run_address>0x18ffc</run_address>
         <size>0xd0</size>
         <input_file_ref idref="fl-e"/>
      </object_component>
      <object_component id="oc-241">
         <name>.debug_info</name>
         <load_address>0x190cc</load_address>
         <run_address>0x190cc</run_address>
         <size>0xd2</size>
         <input_file_ref idref="fl-e"/>
      </object_component>
      <object_component id="oc-23b">
         <name>.debug_info</name>
         <load_address>0x1919e</load_address>
         <run_address>0x1919e</run_address>
         <size>0x15d</size>
         <input_file_ref idref="fl-e"/>
      </object_component>
      <object_component id="oc-247">
         <name>.debug_info</name>
         <load_address>0x192fb</load_address>
         <run_address>0x192fb</run_address>
         <size>0xe7</size>
         <input_file_ref idref="fl-e"/>
      </object_component>
      <object_component id="oc-1ae">
         <name>.debug_info</name>
         <load_address>0x193e2</load_address>
         <run_address>0x193e2</run_address>
         <size>0x1a6f</size>
         <input_file_ref idref="fl-e"/>
      </object_component>
      <object_component id="oc-1f4">
         <name>.debug_info</name>
         <load_address>0x1ae51</load_address>
         <run_address>0x1ae51</run_address>
         <size>0x3e5</size>
         <input_file_ref idref="fl-c4"/>
      </object_component>
      <object_component id="oc-1f1">
         <name>.debug_info</name>
         <load_address>0x1b236</load_address>
         <run_address>0x1b236</run_address>
         <size>0x157</size>
         <input_file_ref idref="fl-c4"/>
      </object_component>
      <object_component id="oc-1eb">
         <name>.debug_info</name>
         <load_address>0x1b38d</load_address>
         <run_address>0x1b38d</run_address>
         <size>0x166</size>
         <input_file_ref idref="fl-c4"/>
      </object_component>
      <object_component id="oc-126">
         <name>.debug_info</name>
         <load_address>0x1b4f3</load_address>
         <run_address>0x1b4f3</run_address>
         <size>0x1ac</size>
         <input_file_ref idref="fl-c4"/>
      </object_component>
      <object_component id="oc-2c6">
         <name>.debug_info</name>
         <load_address>0x1b69f</load_address>
         <run_address>0x1b69f</run_address>
         <size>0xb2</size>
         <input_file_ref idref="fl-c4"/>
      </object_component>
      <object_component id="oc-29d">
         <name>.debug_info</name>
         <load_address>0x1b751</load_address>
         <run_address>0x1b751</run_address>
         <size>0x590</size>
         <input_file_ref idref="fl-c5"/>
      </object_component>
      <object_component id="oc-269">
         <name>.debug_info</name>
         <load_address>0x1bce1</load_address>
         <run_address>0x1bce1</run_address>
         <size>0x21e</size>
         <input_file_ref idref="fl-c5"/>
      </object_component>
      <object_component id="oc-329">
         <name>.debug_info</name>
         <load_address>0x1beff</load_address>
         <run_address>0x1beff</run_address>
         <size>0x1b3</size>
         <input_file_ref idref="fl-c5"/>
      </object_component>
      <object_component id="oc-330">
         <name>.debug_info</name>
         <load_address>0x1c0b2</load_address>
         <run_address>0x1c0b2</run_address>
         <size>0x21b</size>
         <input_file_ref idref="fl-c5"/>
      </object_component>
      <object_component id="oc-275">
         <name>.debug_info</name>
         <load_address>0x1c2cd</load_address>
         <run_address>0x1c2cd</run_address>
         <size>0x3c0</size>
         <input_file_ref idref="fl-c5"/>
      </object_component>
      <object_component id="oc-336">
         <name>.debug_info</name>
         <load_address>0x1c68d</load_address>
         <run_address>0x1c68d</run_address>
         <size>0x30a</size>
         <input_file_ref idref="fl-c5"/>
      </object_component>
      <object_component id="oc-33d">
         <name>.debug_info</name>
         <load_address>0x1c997</load_address>
         <run_address>0x1c997</run_address>
         <size>0x215</size>
         <input_file_ref idref="fl-c5"/>
      </object_component>
      <object_component id="oc-27a">
         <name>.debug_info</name>
         <load_address>0x1cbac</load_address>
         <run_address>0x1cbac</run_address>
         <size>0x215</size>
         <input_file_ref idref="fl-c5"/>
      </object_component>
      <object_component id="oc-281">
         <name>.debug_info</name>
         <load_address>0x1cdc1</load_address>
         <run_address>0x1cdc1</run_address>
         <size>0x304</size>
         <input_file_ref idref="fl-c5"/>
      </object_component>
      <object_component id="oc-286">
         <name>.debug_info</name>
         <load_address>0x1d0c5</load_address>
         <run_address>0x1d0c5</run_address>
         <size>0x4b5</size>
         <input_file_ref idref="fl-c5"/>
      </object_component>
      <object_component id="oc-1dc">
         <name>.debug_info</name>
         <load_address>0x1d57a</load_address>
         <run_address>0x1d57a</run_address>
         <size>0x5f4</size>
         <input_file_ref idref="fl-c5"/>
      </object_component>
      <object_component id="oc-29e">
         <name>.debug_info</name>
         <load_address>0x1db6e</load_address>
         <run_address>0x1db6e</run_address>
         <size>0x86</size>
         <input_file_ref idref="fl-c5"/>
      </object_component>
      <object_component id="oc-36a">
         <name>.debug_info</name>
         <load_address>0x1dbf4</load_address>
         <run_address>0x1dbf4</run_address>
         <size>0x39</size>
         <input_file_ref idref="fl-c5"/>
      </object_component>
      <object_component id="oc-3df">
         <name>.debug_info</name>
         <load_address>0x1dc2d</load_address>
         <run_address>0x1dc2d</run_address>
         <size>0xb6</size>
         <input_file_ref idref="fl-c5"/>
      </object_component>
      <object_component id="oc-36f">
         <name>.debug_info</name>
         <load_address>0x1dce3</load_address>
         <run_address>0x1dce3</run_address>
         <size>0x46</size>
         <input_file_ref idref="fl-c5"/>
      </object_component>
      <object_component id="oc-2a3">
         <name>.debug_info</name>
         <load_address>0x1dd29</load_address>
         <run_address>0x1dd29</run_address>
         <size>0x46</size>
         <input_file_ref idref="fl-c5"/>
      </object_component>
      <object_component id="oc-365">
         <name>.debug_info</name>
         <load_address>0x1dd6f</load_address>
         <run_address>0x1dd6f</run_address>
         <size>0x2c</size>
         <input_file_ref idref="fl-c5"/>
      </object_component>
      <object_component id="oc-20b">
         <name>.debug_info</name>
         <load_address>0x1dd9b</load_address>
         <run_address>0x1dd9b</run_address>
         <size>0x333</size>
         <input_file_ref idref="fl-c6"/>
      </object_component>
      <object_component id="oc-135">
         <name>.debug_info</name>
         <load_address>0x1e0ce</load_address>
         <run_address>0x1e0ce</run_address>
         <size>0x1d1</size>
         <input_file_ref idref="fl-c6"/>
      </object_component>
      <object_component id="oc-201">
         <name>.debug_info</name>
         <load_address>0x1e29f</load_address>
         <run_address>0x1e29f</run_address>
         <size>0x18d</size>
         <input_file_ref idref="fl-c6"/>
      </object_component>
      <object_component id="oc-207">
         <name>.debug_info</name>
         <load_address>0x1e42c</load_address>
         <run_address>0x1e42c</run_address>
         <size>0x16d</size>
         <input_file_ref idref="fl-c6"/>
      </object_component>
      <object_component id="oc-394">
         <name>.debug_info</name>
         <load_address>0x1e599</load_address>
         <run_address>0x1e599</run_address>
         <size>0x383</size>
         <input_file_ref idref="fl-c7"/>
      </object_component>
      <object_component id="oc-2bf">
         <name>.debug_info</name>
         <load_address>0x1e91c</load_address>
         <run_address>0x1e91c</run_address>
         <size>0x1ea</size>
         <input_file_ref idref="fl-c7"/>
      </object_component>
      <object_component id="oc-392">
         <name>.debug_info</name>
         <load_address>0x1eb06</load_address>
         <run_address>0x1eb06</run_address>
         <size>0x3fc</size>
         <input_file_ref idref="fl-c8"/>
      </object_component>
      <object_component id="oc-2b7">
         <name>.debug_info</name>
         <load_address>0x1ef02</load_address>
         <run_address>0x1ef02</run_address>
         <size>0x2e2</size>
         <input_file_ref idref="fl-c8"/>
      </object_component>
      <object_component id="oc-11c">
         <name>.debug_info</name>
         <load_address>0x1f1e4</load_address>
         <run_address>0x1f1e4</run_address>
         <size>0x2c</size>
         <input_file_ref idref="fl-c8"/>
      </object_component>
      <object_component id="oc-3f1">
         <name>.debug_info</name>
         <load_address>0x1f210</load_address>
         <run_address>0x1f210</run_address>
         <size>0x300</size>
         <input_file_ref idref="fl-c9"/>
      </object_component>
      <object_component id="oc-37a">
         <name>.debug_info</name>
         <load_address>0x1f510</load_address>
         <run_address>0x1f510</run_address>
         <size>0x19c</size>
         <input_file_ref idref="fl-c9"/>
      </object_component>
      <object_component id="oc-42c">
         <name>.debug_info</name>
         <load_address>0x1f6ac</load_address>
         <run_address>0x1f6ac</run_address>
         <size>0xbf</size>
         <input_file_ref idref="fl-c9"/>
      </object_component>
      <object_component id="oc-42b">
         <name>.debug_info</name>
         <load_address>0x1f76b</load_address>
         <run_address>0x1f76b</run_address>
         <size>0x374</size>
         <input_file_ref idref="fl-ca"/>
      </object_component>
      <object_component id="oc-3ec">
         <name>.debug_info</name>
         <load_address>0x1fadf</load_address>
         <run_address>0x1fadf</run_address>
         <size>0x20b</size>
         <input_file_ref idref="fl-ca"/>
      </object_component>
      <object_component id="oc-3c2">
         <name>.debug_info</name>
         <load_address>0x1fcea</load_address>
         <run_address>0x1fcea</run_address>
         <size>0x295</size>
         <input_file_ref idref="fl-cb"/>
      </object_component>
      <object_component id="oc-343">
         <name>.debug_info</name>
         <load_address>0x1ff7f</load_address>
         <run_address>0x1ff7f</run_address>
         <size>0x195</size>
         <input_file_ref idref="fl-cb"/>
      </object_component>
      <object_component id="oc-406">
         <name>.debug_info</name>
         <load_address>0x20114</load_address>
         <run_address>0x20114</run_address>
         <size>0x39</size>
         <input_file_ref idref="fl-cb"/>
      </object_component>
      <object_component id="oc-3c3">
         <name>.debug_info</name>
         <load_address>0x2014d</load_address>
         <run_address>0x2014d</run_address>
         <size>0x2c</size>
         <input_file_ref idref="fl-cb"/>
      </object_component>
      <object_component id="oc-3cf">
         <name>.debug_info</name>
         <load_address>0x20179</load_address>
         <run_address>0x20179</run_address>
         <size>0x2f8</size>
         <input_file_ref idref="fl-cc"/>
      </object_component>
      <object_component id="oc-34c">
         <name>.debug_info</name>
         <load_address>0x20471</load_address>
         <run_address>0x20471</run_address>
         <size>0x225</size>
         <input_file_ref idref="fl-cc"/>
      </object_component>
      <object_component id="oc-35d">
         <name>.debug_info</name>
         <load_address>0x20696</load_address>
         <run_address>0x20696</run_address>
         <size>0x28f</size>
         <input_file_ref idref="fl-cd"/>
      </object_component>
      <object_component id="oc-292">
         <name>.debug_info</name>
         <load_address>0x20925</load_address>
         <run_address>0x20925</run_address>
         <size>0x15a</size>
         <input_file_ref idref="fl-cd"/>
      </object_component>
      <object_component id="oc-3d4">
         <name>.debug_info</name>
         <load_address>0x20a7f</load_address>
         <run_address>0x20a7f</run_address>
         <size>0x46</size>
         <input_file_ref idref="fl-cd"/>
      </object_component>
      <object_component id="oc-358">
         <name>.debug_info</name>
         <load_address>0x20ac5</load_address>
         <run_address>0x20ac5</run_address>
[...]
      <symbol id="sm-711">
         <name>__aeabi_dsub</name>
         <value>0x3f65</value>
         <object_component_ref idref="oc-322"/>
      </symbol>
      <symbol id="sm-712">
         <name>__aeabi_dadd</name>
         <value>0x3f6f</value>
         <object_component_ref idref="oc-322"/>
      </symbol>
      <symbol id="sm-734">
         <name>__aeabi_cdcmpeq</name>
         <value>0x4e8d</value>
         <object_component_ref idref="oc-26d"/>
      </symbol>
      <symbol id="sm-735">
         <name>__aeabi_cdcmple</name>
         <value>0x4e8d</value>
         <object_component_ref idref="oc-26d"/>
      </symbol>
      <symbol id="sm-736">
         <name>__aeabi_cdrcmple</name>
         <value>0x4f13</value>
         <object_component_ref idref="oc-30d"/>
      </symbol>
      <symbol id="sm-74a">
         <name>__aeabi_ddiv</name>
         <value>0x43e1</value>
         <object_component_ref idref="oc-308"/>
      </symbol>
      <symbol id="sm-755">
         <name>__aeabi_dmul</name>
         <value>0x4961</value>
         <object_component_ref idref="oc-303"/>
      </symbol>
      <symbol id="sm-75f">
         <name>__aeabi_d2iz</name>
         <value>0x57f9</value>
         <object_component_ref idref="oc-312"/>
      </symbol>
      <symbol id="sm-769">
         <name>__aeabi_i2d</name>
         <value>0x5b41</value>
         <object_component_ref idref="oc-31d"/>
      </symbol>
      <symbol id="sm-784">
         <name>memcpy</name>
         <value>0x4ccf</value>
         <object_component_ref idref="oc-3a"/>
      </symbol>
      <symbol id="sm-785">
         <name>__aeabi_memcpy</name>
         <value>0x4ccf</value>
         <object_component_ref idref="oc-3a"/>
      </symbol>
      <symbol id="sm-786">
         <name>__aeabi_memcpy8</name>
         <value>0x4ccf</value>
         <object_component_ref idref="oc-3a"/>
      </symbol>
      <symbol id="sm-787">
         <name>__aeabi_memcpy4</name>
         <value>0x4ccf</value>
         <object_component_ref idref="oc-3a"/>
      </symbol>
      <symbol id="sm-794">
         <name>__aeabi_uldivmod</name>
         <value>0x4d6b</value>
         <object_component_ref idref="oc-2fc"/>
      </symbol>
      <symbol id="sm-7a3">
         <name>__aeabi_memset</name>
         <value>0x4f9b</value>
         <object_component_ref idref="oc-94"/>
      </symbol>
      <symbol id="sm-7a4">
         <name>memset</name>
         <value>0x4fa1</value>
         <object_component_ref idref="oc-94"/>
      </symbol>
      <symbol id="sm-7a5">
         <name>__aeabi_memset8</name>
         <value>0x4f9b</value>
         <object_component_ref idref="oc-94"/>
      </symbol>
      <symbol id="sm-7a6">
         <name>__aeabi_memset4</name>
         <value>0x4f9b</value>
         <object_component_ref idref="oc-94"/>
      </symbol>
      <symbol id="sm-7a7">
         <name>__aeabi_memclr8</name>
         <value>0x4f99</value>
         <object_component_ref idref="oc-94"/>
      </symbol>
      <symbol id="sm-7a8">
         <name>__aeabi_memclr4</name>
         <value>0x4f99</value>
         <object_component_ref idref="oc-94"/>
      </symbol>
      <symbol id="sm-7a9">
         <name>__aeabi_memclr</name>
         <value>0x4f99</value>
         <object_component_ref idref="oc-94"/>
      </symbol>
      <symbol id="sm-7bb">
         <name>__TI_zero_init</name>
         <value>0x5d23</value>
         <object_component_ref idref="oc-4c"/>
      </symbol>
      <symbol id="sm-7d2">
         <name>__TI_decompress_none</name>
         <value>0x5d07</value>
         <object_component_ref idref="oc-1d"/>
      </symbol>
      <symbol id="sm-7f5">
         <name>__TI_decompress_lzss</name>
         <value>0x52b5</value>
         <object_component_ref idref="oc-17"/>
      </symbol>
      <symbol id="sm-81b">
         <name>C$$EXIT</name>
         <value>0x5d55</value>
         <object_component_ref idref="oc-14c"/>
      </symbol>
      <symbol id="sm-81c">
         <name>abort</name>
         <value>0x5d55</value>
         <object_component_ref idref="oc-14c"/>
      </symbol>
      <symbol id="sm-81d">
         <name>__TI_dtors_ptr</name>
         <value>0x20000ba4</value>
         <object_component_ref idref="oc-219"/>
      </symbol>
      <symbol id="sm-81e">
         <name>__TI_cleanup_ptr</name>
         <value>0x20000ba0</value>
         <object_component_ref idref="oc-219"/>
      </symbol>
      <symbol id="sm-81f">
         <name>__TI_enable_exit_profile_output</name>
         <value>0x20000ba8</value>
         <object_component_ref idref="oc-219"/>
      </symbol>
      <symbol id="sm-820">
         <name>exit</name>
         <value>0x57b1</value>
         <object_component_ref idref="oc-152"/>
      </symbol>
      <symbol id="sm-835">
         <name>_nop</name>
         <value>0x25eb</value>
         <object_component_ref idref="oc-2a8"/>
      </symbol>
      <symbol id="sm-836">
         <name>_lock</name>
         <value>0x20000bb8</value>
         <object_component_ref idref="oc-1e1"/>
      </symbol>
      <symbol id="sm-837">
         <name>_unlock</name>
         <value>0x20000bbc</value>
         <object_component_ref idref="oc-1e1"/>
      </symbol>
      <symbol id="sm-846">
         <name>__TI_ltoa</name>
         <value>0x5673</value>
         <object_component_ref idref="oc-317"/>
      </symbol>
      <symbol id="sm-85c">
         <name>atoi</name>
         <value>0x5765</value>
         <object_component_ref idref="oc-261"/>
      </symbol>
      <symbol id="sm-867">
         <name>_ctypes_</name>
         <value>0x6bd6</value>
         <object_component_ref idref="oc-2f7"/>
      </symbol>
      <symbol id="sm-87c">
         <name>__TI_tmpnams</name>
         <value>0x20000520</value>
      </symbol>
      <symbol id="sm-87d">
         <name>__aeabi_stdout</name>
         <value>0x20000b98</value>
         <object_component_ref idref="oc-467"/>
      </symbol>
      <symbol id="sm-87e">
         <name>__aeabi_stderr</name>
         <value>0x20000b9c</value>
         <object_component_ref idref="oc-467"/>
      </symbol>
      <symbol id="sm-87f">
         <name>__aeabi_stdin</name>
         <value>0x20000b94</value>
         <object_component_ref idref="oc-467"/>
      </symbol>
      <symbol id="sm-880">
         <name>_ftable</name>
         <value>0x200009d8</value>
         <object_component_ref idref="oc-1e4"/>
      </symbol>
      <symbol id="sm-881">
         <name>__TI_ft_end</name>
         <value>0x20000b90</value>
         <object_component_ref idref="oc-467"/>
      </symbol>
      <symbol id="sm-891">
         <name>memccpy</name>
         <value>0x5c51</value>
         <object_component_ref idref="oc-28a"/>
      </symbol>
      <symbol id="sm-8a1">
         <name>memchr</name>
         <value>0x5c15</value>
         <object_component_ref idref="oc-37f"/>
      </symbol>
      <symbol id="sm-92a">
         <name>_sys_memory</name>
         <value>0x200005d8</value>
         <object_component_ref idref="oc-29"/>
      </symbol>
      <symbol id="sm-92b">
         <name>free</name>
         <value>0x4a5d</value>
         <object_component_ref idref="oc-418"/>
      </symbol>
      <symbol id="sm-92c">
         <name>memalign</name>
         <value>0x4861</value>
         <object_component_ref idref="oc-45a"/>
      </symbol>
      <symbol id="sm-92d">
         <name>malloc</name>
         <value>0x5d41</value>
         <object_component_ref idref="oc-41e"/>
      </symbol>
      <symbol id="sm-92e">
         <name>aligned_alloc</name>
         <value>0x4861</value>
         <object_component_ref idref="oc-45a"/>
      </symbol>
      <symbol id="sm-944">
         <name>rand</name>
         <value>0x5add</value>
         <object_component_ref idref="oc-13a"/>
      </symbol>
      <symbol id="sm-954">
         <name>strchr</name>
         <value>0x5cb7</value>
         <object_component_ref idref="oc-34e"/>
      </symbol>
      <symbol id="sm-962">
         <name>strlen</name>
         <value>0x5ce1</value>
         <object_component_ref idref="oc-25b"/>
      </symbol>
      <symbol id="sm-978">
         <name>__aeabi_errno_addr</name>
         <value>0x5d39</value>
         <object_component_ref idref="oc-296"/>
      </symbol>
      <symbol id="sm-979">
         <name>errno</name>
         <value>0x20000bd8</value>
         <object_component_ref idref="oc-35e"/>
      </symbol>
      <symbol id="sm-98c">
         <name>__stack</name>
         <value>0x2000fe00</value>
         <object_component_ref idref="oc-2c"/>
      </symbol>
      <symbol id="sm-98d">
         <name>_c_int00_noargs</name>
         <value>0x5aa9</value>
         <object_component_ref idref="oc-58"/>
      </symbol>
      <symbol id="sm-9a7">
         <name>write</name>
         <value>0x5bed</value>
         <object_component_ref idref="oc-38b"/>
      </symbol>
      <symbol id="sm-9b8">
         <name>_stream</name>
         <value>0x20000b40</value>
         <object_component_ref idref="oc-3f6"/>
      </symbol>
      <symbol id="sm-9b9">
         <name>_device</name>
         <value>0x20000ac8</value>
         <object_component_ref idref="oc-437"/>
      </symbol>
      <symbol id="sm-9c9">
         <name>__TI_doflush</name>
         <value>0x5719</value>
         <object_component_ref idref="oc-385"/>
      </symbol>
      <symbol id="sm-9d9">
         <name>__TI_cleanup</name>
         <value>0x5a41</value>
         <object_component_ref idref="oc-424"/>
      </symbol>
      <symbol id="sm-9eb">
         <name>fseek</name>
         <value>0x53e9</value>
         <object_component_ref idref="oc-3e4"/>
      </symbol>
      <symbol id="sm-9f5">
         <name>copysign</name>
         <value>0x5c6d</value>
         <object_component_ref idref="oc-3c8"/>
      </symbol>
      <symbol id="sm-9f6">
         <name>copysignl</name>
         <value>0x5c6d</value>
         <object_component_ref idref="oc-3c8"/>
      </symbol>
      <symbol id="sm-a00">
         <name>__aeabi_idiv0</name>
         <value>0x411b</value>
         <object_component_ref idref="oc-3af"/>
      </symbol>
      <symbol id="sm-a01">
         <name>__aeabi_ldiv0</name>
         <value>0x411b</value>
         <object_component_ref idref="oc-3af"/>
      </symbol>
      <symbol id="sm-a29">
         <name>__TI_auto_init_nobinit_nopinit</name>
         <value>0x58c9</value>
         <object_component_ref idref="oc-158"/>
      </symbol>
      <symbol id="sm-a33">
         <name>_system_pre_init</name>
         <value>0x5d51</value>
         <object_component_ref idref="oc-9a"/>
      </symbol>
      <symbol id="sm-a46">
         <name>HOSTclose</name>
         <value>0x5841</value>
         <object_component_ref idref="oc-473"/>
      </symbol>
      <symbol id="sm-a57">
         <name>HOSTlseek</name>
         <value>0x524d</value>
         <object_component_ref idref="oc-485"/>
      </symbol>
      <symbol id="sm-a69">
         <name>parmbuf</name>
         <value>0x200005c0</value>
      </symbol>
      <symbol id="sm-a6a">
         <name>HOSTopen</name>
         <value>0x54b1</value>
         <object_component_ref idref="oc-46d"/>
      </symbol>
      <symbol id="sm-a7b">
         <name>HOSTread</name>
         <value>0x556d</value>
         <object_component_ref idref="oc-479"/>
      </symbol>
      <symbol id="sm-a8c">
         <name>HOSTrename</name>
         <value>0x51e1</value>
         <object_component_ref idref="oc-491"/>
      </symbol>
      <symbol id="sm-a9d">
         <name>HOSTunlink</name>
         <value>0x5885</value>
         <object_component_ref idref="oc-48b"/>
      </symbol>
      <symbol id="sm-aae">
         <name>HOSTwrite</name>
         <value>0x55c5</value>
         <object_component_ref idref="oc-47f"/>
      </symbol>
      <symbol id="sm-ad2">
         <name>__TI_readmsg</name>
         <value>0x5a75</value>
         <object_component_ref idref="oc-4c0"/>
      </symbol>
      <symbol id="sm-ad3">
         <name>C$$IO$$</name>
         <value>0x59ff</value>
         <object_component_ref idref="oc-4ba"/>
      </symbol>
      <symbol id="sm-ad4">
         <name>__CIOBUF_</name>
         <value>0x20000400</value>
         <object_component_ref idref="oc-4eb"/>
      </symbol>
      <symbol id="sm-ad5">
         <name>__TI_writemsg</name>
         <value>0x59d1</value>
         <object_component_ref idref="oc-4ba"/>
      </symbol>
      <symbol id="sm-ae6">
         <name>lseek</name>
         <value>0x5bc5</value>
         <object_component_ref idref="oc-410"/>
      </symbol>
      <symbol id="sm-afb">
         <name>__TI_closefile</name>
         <value>0x508d</value>
         <object_component_ref idref="oc-461"/>
      </symbol>
      <symbol id="sm-b1e">
         <name>finddevice</name>
         <value>0x5b11</value>
         <object_component_ref idref="oc-509"/>
      </symbol>
      <symbol id="sm-b1f">
         <name>getdevice</name>
         <value>0x590d</value>
         <object_component_ref idref="oc-4e1"/>
      </symbol>
      <symbol id="sm-b2e">
         <name>strcmp</name>
         <value>0x5c9f</value>
         <object_component_ref idref="oc-520"/>
      </symbol>
      <symbol id="sm-b3c">
         <name>strcpy</name>
         <value>0x5ccd</value>
         <object_component_ref idref="oc-4d4"/>
      </symbol>
      <symbol id="sm-b4c">
         <name>strncpy</name>
         <value>0x5a09</value>
         <object_component_ref idref="oc-503"/>
      </symbol>
      <symbol id="sm-b61">
         <name>close</name>
         <value>0x5511</value>
         <object_component_ref idref="oc-4a9"/>
      </symbol>
      <symbol id="sm-b71">
         <name>unlink</name>
         <value>0x5b71</value>
         <object_component_ref idref="oc-4af"/>
      </symbol>
      <symbol id="sm-b72">
         <name>__TI_static_base__</name>
         <value>0x0</value>
      </symbol>
      <symbol id="sm-b75">
         <name>__mpu_init</name>
         <value>0x0</value>
      </symbol>
      <symbol id="sm-b76">
         <name>_system_post_cinit</name>
         <value>0x0</value>
      </symbol>
      <symbol id="sm-b77">
         <name>NMI_Handler</name>
         <value>0x5d21</value>
      </symbol>
      <symbol id="sm-b78">
         <name>HardFault_Handler</name>
         <value>0x5d21</value>
      </symbol>
      <symbol id="sm-b79">
         <name>MemManage_Handler</name>
         <value>0x5d21</value>
      </symbol>
      <symbol id="sm-b7a">
         <name>BusFault_Handler</name>
         <value>0x5d21</value>
      </symbol>
      <symbol id="sm-b7b">
         <name>UsageFault_Handler</name>
         <value>0x5d21</value>
      </symbol>
      <symbol id="sm-b7c">
         <name>SVC_Handler</name>
         <value>0x5d21</value>
      </symbol>
      <symbol id="sm-b7d">
         <name>DebugMon_Handler</name>
         <value>0x5d21</value>
      </symbol>
      <symbol id="sm-b7e">
         <name>PendSV_Handler</name>
         <value>0x5d21</value>
      </symbol>
      <symbol id="sm-b7f">
         <name>SysTick_Handler</name>
         <value>0x5d21</value>
      </symbol>
      <symbol id="sm-b80">
         <name>PSS_IRQHandler</name>
         <value>0x5d21</value>
      </symbol>
      <symbol id="sm-b81">
         <name>CS_IRQHandler</name>
         <value>0x5d21</value>
      </symbol>
      <symbol id="sm-b82">
         <name>PCM_IRQHandler</name>
         <value>0x5d21</value>
      </symbol>
      <symbol id="sm-b83">
         <name>WDT_A_IRQHandler</name>
         <value>0x5d21</value>
      </symbol>
      <symbol id="sm-b84">
         <name>FPU_IRQHandler</name>
         <value>0x5d21</value>
      </symbol>
      <symbol id="sm-b85">
         <name>FLCTL_IRQHandler</name>
         <value>0x5d21</value>
      </symbol>
      <symbol id="sm-b86">
         <name>COMP_E0_IRQHandler</name>
         <value>0x5d21</value>
      </symbol>
      <symbol id="sm-b87">
         <name>COMP_E1_IRQHandler</name>
         <value>0x5d21</value>
      </symbol>
      <symbol id="sm-b88">
         <name>TA0_0_IRQHandler</name>
         <value>0x1ab9</value>
      </symbol>
      <symbol id="sm-b89">
         <name>TA0_N_IRQHandler</name>
         <value>0x5d21</value>
      </symbol>
      <symbol id="sm-b8a">
         <name>TA1_0_IRQHandler</name>
         <value>0x168d</value>
      </symbol>
      <symbol id="sm-b8b">
         <name>TA1_N_IRQHandler</name>
         <value>0x5d21</value>
      </symbol>
      <symbol id="sm-b8c">
         <name>TA2_0_IRQHandler</name>
         <value>0x5d21</value>
      </symbol>
      <symbol id="sm-b8d">
         <name>TA2_N_IRQHandler</name>
         <value>0x5d21</value>
      </symbol>
      <symbol id="sm-b8e">
         <name>TA3_0_IRQHandler</name>
         <value>0x5d21</value>
      </symbol>
      <symbol id="sm-b8f">
         <name>TA3_N_IRQHandler</name>
         <value>0x5d21</value>
      </symbol>
      <symbol id="sm-b90">
         <name>EUSCIA0_IRQHandler</name>
         <value>0x5d21</value>
      </symbol>
      <symbol id="sm-b91">
         <name>EUSCIA1_IRQHandler</name>
         <value>0x5d21</value>
      </symbol>
      <symbol id="sm-b92">
         <name>EUSCIA2_IRQHandler</name>
         <value>0x1b1f</value>
      </symbol>
      <symbol id="sm-b93">
         <name>EUSCIA3_IRQHandler</name>
         <value>0x5d21</value>
      </symbol>
      <symbol id="sm-b94">
         <name>EUSCIB0_IRQHandler</name>
         <value>0x5d21</value>
      </symbol>
      <symbol id="sm-b95">
         <name>EUSCIB1_IRQHandler</name>
         <value>0x5d21</value>
      </symbol>
      <symbol id="sm-b96">
         <name>EUSCIB2_IRQHandler</name>
         <value>0x5d21</value>
      </symbol>
      <symbol id="sm-b97">
         <name>EUSCIB3_IRQHandler</name>
         <value>0x5d21</value>
      </symbol>
      <symbol id="sm-b98">
         <name>ADC14_IRQHandler</name>
         <value>0x5d21</value>
      </symbol>
      <symbol id="sm-b99">
         <name>T32_INT1_IRQHandler</name>
         <value>0x5d21</value>
      </symbol>
      <symbol id="sm-b9a">
         <name>T32_INT2_IRQHandler</name>
         <value>0x5d21</value>
      </symbol>
      <symbol id="sm-b9b">
         <name>T32_INTC_IRQHandler</name>
         <value>0x5d21</value>
      </symbol>
      <symbol id="sm-b9c">
         <name>AES256_IRQHandler</name>
         <value>0x5d21</value>
      </symbol>
      <symbol id="sm-b9d">
         <name>RTC_C_IRQHandler</name>
         <value>0x5d21</value>
      </symbol>
      <symbol id="sm-b9e">
         <name>DMA_ERR_IRQHandler</name>
         <value>0x5d21</value>
      </symbol>
      <symbol id="sm-b9f">
         <name>DMA_INT3_IRQHandler</name>
         <value>0x5d21</value>
      </symbol>
      <symbol id="sm-ba0">
         <name>DMA_INT2_IRQHandler</name>
         <value>0x5d21</value>
      </symbol>
      <symbol id="sm-ba1">
         <name>DMA_INT1_IRQHandler</name>
         <value>0x5d21</value>
      </symbol>
      <symbol id="sm-ba2">
         <name>DMA_INT0_IRQHandler</name>
         <value>0x5d21</value>
      </symbol>
      <symbol id="sm-ba3">
         <name>PORT1_IRQHandler</name>
         <value>0x5d21</value>
      </symbol>
      <symbol id="sm-ba4">
         <name>PORT2_IRQHandler</name>
         <value>0x5d21</value>
      </symbol>
      <symbol id="sm-ba5">
         <name>PORT3_IRQHandler</name>
         <value>0x5d21</value>
      </symbol>
      <symbol id="sm-ba6">
         <name>PORT4_IRQHandler</name>
         <value>0x5d21</value>
      </symbol>
      <symbol id="sm-ba7">
         <name>PORT5_IRQHandler</name>
         <value>0x5d21</value>
      </symbol>
      <symbol id="sm-ba8">
         <name>PORT6_IRQHandler</name>
         <value>0x5d21</value>
      </symbol>
      <symbol id="sm-ba9">
         <name>remove</name>
         <value>0x5b71</value>
      </symbol>
   </symbol_table>
   <title>Link successful</title>
</link_info>
