******************************************************************************
                  TI ARM Linker PC v20.2.5                     
******************************************************************************
>> Linked Fri May 30 12:54:18 2025

OUTPUT FILE NAME:   <Practica4Fixed.out>
ENTRY POINT SYMBOL: "_c_int00_noargs"  address: 00005aa9


MEMORY CONFIGURATION

         name            origin    length      used     unused   attr    fill
----------------------  --------  ---------  --------  --------  ----  --------
  MAIN                  00000000   00040000  00006dce  00039232  R  X
  INFO                  00200000   00004000  00000000  00004000  R  X
  SRAM_CODE             01000000   00010000  00000ddd  0000f223  RW X
  SRAM_DATA             20000000   00010000  00000ddd  0000f223  RW  


SEGMENT ALLOCATION MAP

run origin  load origin   length   init length attrs members
----------  ----------- ---------- ----------- ----- -------
00000000    00000000    00006dd0   00006dd0    r-x
  00000000    00000000    000000e4   000000e4    r-- .intvecs
  000000e4    000000e4    00005c74   00005c74    r-x .text
  00005d58    00005d58    00000fce   00000fce    r-- .const
  00006d28    00006d28    000000a8   000000a8    r-- .cinit
20000000    20000000    00000be4   00000000    rw-
  20000000    20000000    000005d1   00000000    rw- .bss
  200005d8    200005d8    00000400   00000000    rw- .sysmem
  200009d8    200009d8    0000020c   00000000    rw- .data
2000fe00    2000fe00    00000200   00000000    rw-
  2000fe00    2000fe00    00000200   00000000    rw- .stack


SECTION ALLOCATION MAP

 output                                  attributes/
section   page    origin      length       input sections
--------  ----  ----------  ----------   ----------------
.intvecs   0    00000000    000000e4     
                  00000000    000000e4     startup_msp432p401r_ccs.obj (.intvecs:retain)

.text      0    000000e4    00005c74     
                  000000e4    0000104c     lib_PAE.lib : graphics.obj (.text)
                  00001130    00000a6c     robot_utils.obj (.text)
                  00001b9c    00000a4e     rtsv7M4_T_le_v4SPD16_eabi.lib : _printfi.c.obj (.text:__TI_printfi)
                  000025ea    00000002                                   : _lock.c.obj (.text:_nop)
                  000025ec    0000095c     main.obj (.text)
                  00002f48    000008a8     lib_PAE.lib : lcd.obj (.text)
                  000037f0    00000334     system_msp432p401r.obj (.text)
                  00003b24    00000270     rtsv7M4_T_le_v4SPD16_eabi.lib : _printfi.c.obj (.text:_pconv_a)
                  00003d94    000001d0                                   : _printfi.c.obj (.text:_pconv_g)
                  00003f64    000001b6                                   : fd_add_t2.asm.obj (.text)
                  0000411a    00000002                                   : div0.asm.obj (.text)
                  0000411c    00000188     lib_PAE.lib : msp_LCD.obj (.text)
                  000042a4    0000013c     rtsv7M4_T_le_v4SPD16_eabi.lib : _printfi.c.obj (.text:_pconv_e)
                  000043e0    00000136                                   : fd_div_t2.asm.obj (.text)
                  00004516    00000002     --HOLE-- [fill = 0]
                  00004518    00000124                                   : _printfi.c.obj (.text:fcvt)
                  0000463c    00000114                                   : fputs.c.obj (.text:fputs)
                  00004750    00000110                                   : s_scalbn.c.obj (.text:scalbn)
                  00004860    00000100                                   : memory.c.obj (.text:aligned_alloc)
                  00004960    000000fc                                   : fd_mul_t2.asm.obj (.text)
                  00004a5c    000000e4                                   : memory.c.obj (.text:free)
                  00004b40    000000dc                                   : setvbuf.c.obj (.text:setvbuf)
                  00004c1c    000000b1                                   : _printfi.c.obj (.text:_ltostr)
                  00004ccd    00000001     --HOLE-- [fill = 0]
                  00004cce    0000009c                                   : memcpy_t2.asm.obj (.text)
                  00004d6a    00000096                                   : ull_div_t2.asm.obj (.text)
                  00004e00    0000008c                                   : fputc.c.obj (.text:fputc)
                  00004e8c    00000086                                   : fd_cmp_t2.asm.obj (.text:__aeabi_cdcmple)
                  00004f12    00000086                                   : fd_cmp_t2.asm.obj (.text:__aeabi_cdrcmple)
                  00004f98    0000007a                                   : memset_t2.asm.obj (.text)
                  00005012    00000002     --HOLE-- [fill = 0]
                  00005014    00000078     lib_PAE.lib : Inicializacion.obj (.text)
                  0000508c    00000074     rtsv7M4_T_le_v4SPD16_eabi.lib : fclose.c.obj (.text:__TI_closefile)
                  00005100    00000070                                   : memory.c.obj (.text:split)
                  00005170    0000006e                                   : _printfi.c.obj (.text:_mcpy)
                  000051de    00000002     --HOLE-- [fill = 0]
                  000051e0    0000006c                                   : hostrename.c.obj (.text:HOSTrename)
                  0000524c    00000068                                   : hostlseek.c.obj (.text:HOSTlseek)
                  000052b4    00000068                                   : copy_decompress_lzss.c.obj (.text:decompress:lzss:__TI_decompress_lzss)
                  0000531c    00000068                                   : printf.c.obj (.text:printf)
                  00005384    00000064                                   : s_frexp.c.obj (.text:frexp)
                  000053e8    00000064                                   : fseek.c.obj (.text:fseek)
                  0000544c    00000062                                   : _io_perm.c.obj (.text:__TI_wrt_ok)
                  000054ae    00000002     --HOLE-- [fill = 0]
                  000054b0    00000060                                   : hostopen.c.obj (.text:HOSTopen)
                  00005510    0000005c                                   : close.c.obj (.text:close)
                  0000556c    00000058                                   : hostread.c.obj (.text:HOSTread)
                  000055c4    00000058                                   : hostwrite.c.obj (.text:HOSTwrite)
                  0000561c    00000056                                   : _printfi.c.obj (.text:_pconv_f)
                  00005672    00000054                                   : _ltoa.c.obj (.text:__TI_ltoa)
                  000056c6    00000052                                   : _printfi.c.obj (.text:_ecpy)
                  00005718    0000004c                                   : fflush.c.obj (.text:__TI_doflush)
                  00005764    0000004c                                   : atoi.c.obj (.text:atoi)
                  000057b0    00000048                                   : exit.c.obj (.text:exit)
                  000057f8    00000048                                   : fd_toi_t2.asm.obj (.text)
                  00005840    00000044                                   : hostclose.c.obj (.text:HOSTclose)
                  00005884    00000044                                   : hostunlink.c.obj (.text:HOSTunlink)
                  000058c8    00000044                                   : autoinit.c.obj (.text:__TI_auto_init_nobinit_nopinit:__TI_auto_init_nobinit_nopinit)
                  0000590c    00000044                                   : getdevice.c.obj (.text:getdevice)
                  00005950    00000040                                   : sprintf.c.obj (.text:sprintf)
                  00005990    0000003e                                   : _printfi.c.obj (.text:_fcpy)
                  000059ce    00000002     --HOLE-- [fill = 0]
                  000059d0    00000038                                   : trgmsg.c.obj (.text:__TI_writemsg)
                  00005a08    00000036                                   : strncpy.c.obj (.text:strncpy)
                  00005a3e    00000002     --HOLE-- [fill = 0]
                  00005a40    00000034                                   : fopen.c.obj (.text:__TI_cleanup)
                  00005a74    00000034                                   : trgmsg.c.obj (.text:__TI_readmsg)
                  00005aa8    00000034                                   : boot_cortex_m.c.obj (.text:_c_int00_noargs:_c_int00_noargs)
                  00005adc    00000034                                   : rand.c.obj (.text:rand)
                  00005b10    00000030                                   : getdevice.c.obj (.text:finddevice)
                  00005b40    0000002e                                   : i_tofd_t2.asm.obj (.text)
                  00005b6e    00000002     --HOLE-- [fill = 0]
                  00005b70    0000002c                                   : unlink.c.obj (.text:unlink)
                  00005b9c    00000028                                   : memory.c.obj (.text:free_list_insert)
                  00005bc4    00000028                                   : lseek.c.obj (.text:lseek)
                  00005bec    00000028                                   : write.c.obj (.text:write)
                  00005c14    00000020                                   : memchr.c.obj (.text:memchr)
                  00005c34    0000001c                                   : memory.c.obj (.text:free_list_remove)
                  00005c50    0000001c                                   : memccpy.c.obj (.text:memccpy)
                  00005c6c    0000001a                                   : s_copysign.c.obj (.text:copysign)
                  00005c86    00000018                                   : sprintf.c.obj (.text:_outs)
                  00005c9e    00000018                                   : strcmp.c.obj (.text:strcmp)
                  00005cb6    00000016                                   : strchr.c.obj (.text:strchr)
                  00005ccc    00000014                                   : strcpy.c.obj (.text:strcpy)
                  00005ce0    00000014                                   : strlen.c.obj (.text:strlen)
                  00005cf4    00000012                                   : wcslen.c.obj (.text:wcslen)
                  00005d06    0000000e                                   : copy_decompress_none.c.obj (.text:decompress:none:__TI_decompress_none)
                  00005d14    0000000e     startup_msp432p401r_ccs.obj (.text)
                  00005d22    0000000c     rtsv7M4_T_le_v4SPD16_eabi.lib : copy_zero_init.c.obj (.text:decompress:ZI:__TI_zero_init)
                  00005d2e    0000000a                                   : sprintf.c.obj (.text:_outc)
                  00005d38    00000008                                   : errno.c.obj (.text:__aeabi_errno_addr)
                  00005d40    00000008                                   : memory.c.obj (.text:malloc)
                  00005d48    00000004                                   : printf.c.obj (.text:_outc)
                  00005d4c    00000004                                   : printf.c.obj (.text:_outs)
                  00005d50    00000004                                   : pre_init.c.obj (.text:_system_pre_init)
                  00005d54    00000004                                   : exit.c.obj (.text:abort:abort)

.const     0    00005d58    00000fce     
                  00005d58    0000082a     lib_PAE.lib : graphics.obj (.const:font_11x16)
                  00006582    00000474                 : graphics.obj (.const:font_8x12)
                  000069f6    000001e0                 : graphics.obj (.const:font_5x7)
                  00006bd6    00000101     rtsv7M4_T_le_v4SPD16_eabi.lib : ctype.c.obj (.const:.string:_ctypes_)
                  00006cd7    00000010     lib_PAE.lib : lcd.obj (.const:.string:$P$T0$1)
                  00006ce7    00000010                 : lcd.obj (.const:.string:$P$T1$2)
                  00006cf7    00000003     main.obj (.const:.string:$P$T0$1)
                  00006cfa    00000003     robot_utils.obj (.const:.string:$P$T0$2)
                  00006cfd    00000003     robot_utils.obj (.const:.string:$P$T1$3)
                  00006d00    00000003     robot_utils.obj (.const:.string:$P$T10$12)
                  00006d03    00000003     robot_utils.obj (.const:.string:$P$T11$13)
                  00006d06    00000003     robot_utils.obj (.const:.string:$P$T12$14)
                  00006d09    00000003     robot_utils.obj (.const:.string:$P$T13$15)
                  00006d0c    00000003     robot_utils.obj (.const:.string:$P$T2$4)
                  00006d0f    00000003     robot_utils.obj (.const:.string:$P$T3$5)
                  00006d12    00000003     robot_utils.obj (.const:.string:$P$T4$6)
                  00006d15    00000003     robot_utils.obj (.const:.string:$P$T5$7)
                  00006d18    00000003     robot_utils.obj (.const:.string:$P$T6$8)
                  00006d1b    00000003     robot_utils.obj (.const:.string:$P$T7$9)
                  00006d1e    00000003     robot_utils.obj (.const:.string:$P$T8$10)
                  00006d21    00000003     robot_utils.obj (.const:.string:$P$T9$11)
                  00006d24    00000002     robot_utils.obj (.const:.string:$P$T15$16)

.cinit     0    00006d28    000000a8     
                  00006d28    00000082     (.cinit..data.load) [load image, compression = lzss]
                  00006daa    00000002     --HOLE-- [fill = 0]
                  00006dac    0000000c     (__TI_handler_table)
                  00006db8    00000008     (.cinit..bss.load) [load image, compression = zero_init]
                  00006dc0    00000010     (__TI_cinit_table)

.init_array 
*          0    00000000    00000000     UNINITIALIZED

.binit     0    00000000    00000000     

.bss       0    20000000    000005d1     UNINITIALIZED
                  20000000    00000400     lib_PAE.lib : graphics.obj (.bss:g_pulConvertedPalette)
                  20000400    00000120     rtsv7M4_T_le_v4SPD16_eabi.lib : trgmsg.c.obj (.bss:_CIOBUF_)
                  20000520    000000a0     (.common:__TI_tmpnams)
                  200005c0    00000008     (.common:parmbuf)
                  200005c8    00000008     (.common:valors_sensors)
                  200005d0    00000001     (.common:dada_UART)

.sysmem    0    200005d8    00000400     UNINITIALIZED
                  200005d8    00000010     rtsv7M4_T_le_v4SPD16_eabi.lib : memory.c.obj (.sysmem)
                  200005e8    000003f0     --HOLE--

.data      0    200009d8    0000020c     UNINITIALIZED
                  200009d8    000000f0     rtsv7M4_T_le_v4SPD16_eabi.lib : defs.c.obj (.data:_ftable)
                  20000ac8    00000078                                   : host_device.c.obj (.data:_device)
                  20000b40    00000050                                   : host_device.c.obj (.data:_stream)
                  20000b90    00000010                                   : defs.c.obj (.data)
                  20000ba0    0000000c                                   : exit.c.obj (.data:$O1$$)
                  20000bac    0000000a     lib_PAE.lib : lcd.obj (.data)
                  20000bb6    00000002     --HOLE--
                  20000bb8    00000008     rtsv7M4_T_le_v4SPD16_eabi.lib : _lock.c.obj (.data:$O1$$)
                  20000bc0    00000008                                   : memory.c.obj (.data:$O1$$)
                  20000bc8    00000008     robot_utils.obj (.data)
                  20000bd0    00000004     lib_PAE.lib : graphics.obj (.data)
                  20000bd4    00000004     main.obj (.data)
                  20000bd8    00000004     rtsv7M4_T_le_v4SPD16_eabi.lib : errno.c.obj (.data)
                  20000bdc    00000004                                   : rand.c.obj (.data)
                  20000be0    00000004     system_msp432p401r.obj (.data)

.stack     0    2000fe00    00000200     UNINITIALIZED
                  2000fe00    00000004     rtsv7M4_T_le_v4SPD16_eabi.lib : boot_cortex_m.c.obj (.stack)
                  2000fe04    000001fc     --HOLE--

__llvm_prf_cnts 
*          0    20000000    00000000     UNINITIALIZED

MODULE SUMMARY

       Module                        code    ro data   rw data
       ------                        ----    -------   -------
    .\
       robot_utils.obj               2668    44        18     
       main.obj                      2396    3         24     
       system_msp432p401r.obj        820     0         8      
       startup_msp432p401r_ccs.obj   14      228       0      
    +--+-----------------------------+-------+---------+---------+
       Total:                        5898    275       50     
                                                              
    ../lib_PAE.lib
       graphics.obj                  4172    3710      2056   
       lcd.obj                       2216    32        20     
       msp_LCD.obj                   392     0         0      
       Inicializacion.obj            120     0         0      
    +--+-----------------------------+-------+---------+---------+
       Total:                        6900    3742      2076   
                                                              
    C:\ti\ccs1040\ccs\tools\compiler\ti-cgt-arm_20.2.5.LTS\lib\rtsv7M4_T_le_v4SPD16_eabi.lib
       _printfi.c.obj                4851    0         0      
       defs.c.obj                    0       0         832    
       memory.c.obj                  672     0         16     
       trgmsg.c.obj                  108     0         576    
       fd_add_t2.asm.obj             438     0         0      
       host_device.c.obj             0       0         400    
       fd_div_t2.asm.obj             310     0         0      
       fputs.c.obj                   276     0         0      
       s_scalbn.c.obj                272     0         0      
       fd_cmp_t2.asm.obj             268     0         0      
       ctype.c.obj                   0       257       0      
       fd_mul_t2.asm.obj             252     0         0      
       setvbuf.c.obj                 220     0         0      
       memcpy_t2.asm.obj             156     0         0      
       ull_div_t2.asm.obj            150     0         0      
       fputc.c.obj                   140     0         0      
       memset_t2.asm.obj             122     0         0      
       fclose.c.obj                  116     0         0      
       getdevice.c.obj               116     0         0      
       hostopen.c.obj                96      0         16     
       printf.c.obj                  112     0         0      
       hostrename.c.obj              108     0         0      
       copy_decompress_lzss.c.obj    104     0         0      
       hostlseek.c.obj               104     0         0      
       exit.c.obj                    76      0         24     
       fseek.c.obj                   100     0         0      
       s_frexp.c.obj                 100     0         0      
       _io_perm.c.obj                98      0         0      
       sprintf.c.obj                 98      0         0      
       close.c.obj                   92      0         0      
       hostread.c.obj                88      0         0      
       hostwrite.c.obj               88      0         0      
       _ltoa.c.obj                   84      0         0      
       atoi.c.obj                    76      0         0      
       fflush.c.obj                  76      0         0      
       fd_toi_t2.asm.obj             72      0         0      
       autoinit.c.obj                68      0         0      
       hostclose.c.obj               68      0         0      
       hostunlink.c.obj              68      0         0      
       rand.c.obj                    52      0         8      
       strncpy.c.obj                 54      0         0      
       boot_cortex_m.c.obj           52      0         0      
       fopen.c.obj                   52      0         0      
       i_tofd_t2.asm.obj             46      0         0      
       unlink.c.obj                  44      0         0      
       lseek.c.obj                   40      0         0      
       write.c.obj                   40      0         0      
       memchr.c.obj                  32      0         0      
       memccpy.c.obj                 28      0         0      
       s_copysign.c.obj              26      0         0      
       strcmp.c.obj                  24      0         0      
       strchr.c.obj                  22      0         0      
       strcpy.c.obj                  20      0         0      
       strlen.c.obj                  20      0         0      
       _lock.c.obj                   2       0         16     
       wcslen.c.obj                  18      0         0      
       errno.c.obj                   8       0         8      
       copy_decompress_none.c.obj    14      0         0      
       copy_zero_init.c.obj          12      0         0      
       pre_init.c.obj                4       0         0      
       div0.asm.obj                  2       0         0      
    +--+-----------------------------+-------+---------+---------+
       Total:                        10855   257       1896   
                                                              
       Heap:                         0       0         2048   
       Stack:                        0       0         1024   
       Linker Generated:             0       166       0      
    +--+-----------------------------+-------+---------+---------+
       Grand Total:                  23653   4440      7094   


LINKER GENERATED COPY TABLES

__TI_cinit_table @ 00006dc0 records: 2, size/record: 8, table size: 16
	.data: load addr=00006d28, load size=00000082 bytes, run addr=200009d8, run size=0000020c bytes, compression=lzss
	.bss: load addr=00006db8, load size=00000008 bytes, run addr=20000000, run size=000005d1 bytes, compression=zero_init


LINKER GENERATED HANDLER TABLE

__TI_handler_table @ 00006dac records: 3, size/record: 4, table size: 12
	index: 0, handler: __TI_decompress_lzss
	index: 1, handler: __TI_decompress_none
	index: 2, handler: __TI_zero_init


GLOBAL SYMBOLS: SORTED ALPHABETICALLY BY Name 

address   name                           
-------   ----                           
00005d21  ADC14_IRQHandler               
00005d21  AES256_IRQHandler              
00005d21  BusFault_Handler               
00005d55  C$$EXIT                        
000059ff  C$$IO$$                        
00005d21  COMP_E0_IRQHandler             
00005d21  COMP_E1_IRQHandler             
00005d21  CS_IRQHandler                  
20000bae  Color_Fondo                    
20000bb2  Color_Fondo_Inv                
20000bb0  Color_Texto                    
20000bb4  Color_Texto_Inv                
00005d21  DMA_ERR_IRQHandler             
00005d21  DMA_INT0_IRQHandler            
00005d21  DMA_INT1_IRQHandler            
00005d21  DMA_INT2_IRQHandler            
00005d21  DMA_INT3_IRQHandler            
00005d21  DebugMon_Handler               
00005d21  Default_Handler                
00005d21  EUSCIA0_IRQHandler             
00005d21  EUSCIA1_IRQHandler             
00001b1f  EUSCIA2_IRQHandler             
00001b1f  EUSCIA2_IRQHandler             
00005d21  EUSCIA3_IRQHandler             
00005d21  EUSCIB0_IRQHandler             
00005d21  EUSCIB1_IRQHandler             
00005d21  EUSCIB2_IRQHandler             
00005d21  EUSCIB3_IRQHandler             
00005d21  FLCTL_IRQHandler               
00005d21  FPU_IRQHandler                 
20000bad  Fuente                         
00005841  HOSTclose                      
0000524d  HOSTlseek                      
000054b1  HOSTopen                       
0000556d  HOSTread                       
000051e1  HOSTrename                     
00005885  HOSTunlink                     
000055c5  HOSTwrite                      
00005d21  HardFault_Handler              
00005d21  MemManage_Handler              
00005d21  NMI_Handler                    
00005d21  PCM_IRQHandler                 
00005d21  PORT1_IRQHandler               
00005d21  PORT2_IRQHandler               
00005d21  PORT3_IRQHandler               
00005d21  PORT4_IRQHandler               
00005d21  PORT5_IRQHandler               
00005d21  PORT6_IRQHandler               
00005d21  PSS_IRQHandler                 
00005d21  PendSV_Handler                 
00005d21  RTC_C_IRQHandler               
00005d15  Reset_Handler                  
000013cd  RxPacket                       
00005d21  SVC_Handler                    
00005d21  SysTick_Handler                
20000be0  SystemCoreClock                
000037f1  SystemCoreClockUpdate          
00003a69  SystemInit                     
00005d21  T32_INT1_IRQHandler            
00005d21  T32_INT2_IRQHandler            
00005d21  T32_INTC_IRQHandler            
00001ab9  TA0_0_IRQHandler               
00001ab9  TA0_0_IRQHandler               
00005d21  TA0_N_IRQHandler               
0000168d  TA1_0_IRQHandler               
0000168d  TA1_0_IRQHandler               
00005d21  TA1_N_IRQHandler               
00005d21  TA2_0_IRQHandler               
00005d21  TA2_N_IRQHandler               
00005d21  TA3_0_IRQHandler               
00005d21  TA3_N_IRQHandler               
00001699  Timeout                        
00001265  TxPacket                       
0000122f  TxUACx                         
00005d21  UsageFault_Handler             
4000480c  WDTCTL_SYM                     
00005d21  WDT_A_IRQHandler               
20000400  __CIOBUF_                      
20010000  __STACK_END                    
00000200  __STACK_SIZE                   
00000400  __SYSMEM_SIZE                  
00006dc0  __TI_CINIT_Base                
00006dd0  __TI_CINIT_Limit               
00006dac  __TI_Handler_Table_Base        
00006db8  __TI_Handler_Table_Limit       
000058c9  __TI_auto_init_nobinit_nopinit 
00005a41  __TI_cleanup                   
20000ba0  __TI_cleanup_ptr               
0000508d  __TI_closefile                 
000052b5  __TI_decompress_lzss           
00005d07  __TI_decompress_none           
00005719  __TI_doflush                   
20000ba4  __TI_dtors_ptr                 
20000ba8  __TI_enable_exit_profile_output
20000b90  __TI_ft_end                    
00005673  __TI_ltoa                      
ffffffff  __TI_pprof_out_hndl            
00001b9d  __TI_printfi                   
ffffffff  __TI_prof_data_size            
ffffffff  __TI_prof_data_start           
00005a75  __TI_readmsg                   
00000000  __TI_static_base__             
20000520  __TI_tmpnams                   
000059d1  __TI_writemsg                  
0000544d  __TI_wrt_ok                    
00005d23  __TI_zero_init                 
00004e8d  __aeabi_cdcmpeq                
00004e8d  __aeabi_cdcmple                
00004f13  __aeabi_cdrcmple               
000057f9  __aeabi_d2iz                   
00003f6f  __aeabi_dadd                   
000043e1  __aeabi_ddiv                   
00004961  __aeabi_dmul                   
00003f65  __aeabi_dsub                   
00005d39  __aeabi_errno_addr             
00005b41  __aeabi_i2d                    
0000411b  __aeabi_idiv0                  
0000411b  __aeabi_ldiv0                  
00004f99  __aeabi_memclr                 
00004f99  __aeabi_memclr4                
00004f99  __aeabi_memclr8                
00004ccf  __aeabi_memcpy                 
00004ccf  __aeabi_memcpy4                
00004ccf  __aeabi_memcpy8                
00004f9b  __aeabi_memset                 
00004f9b  __aeabi_memset4                
00004f9b  __aeabi_memset8                
20000b9c  __aeabi_stderr                 
20000b94  __aeabi_stdin                  
20000b98  __aeabi_stdout                 
00004d6b  __aeabi_uldivmod               
ffffffff  __binit__                      
ffffffff  __c_args__                     
UNDEFED   __mpu_init                     
2000fe00  __stack                        
20000000  __start___llvm_prf_cnts        
20000000  __stop___llvm_prf_cnts         
00005aa9  _c_int00_noargs                
00006bd6  _ctypes_                       
20000ac8  _device                        
200009d8  _ftable                        
20000bb8  _lock                          
000025eb  _nop                           
20000bac  _orientation                   
20000b40  _stream                        
200005d8  _sys_memory                    
UNDEFED   _system_post_cinit             
00005d51  _system_pre_init               
20000bbc  _unlock                        
00005d55  abort                          
00004861  aligned_alloc                  
00001675  apagar_timeout_A1              
00005765  atoi                           
000019c5  aturar_robot                   
20000bd3  bgColorHighByte                
20000bd2  bgColorLowByte                 
ffffffff  binit                          
00002829  buscar_paret                   
000027d9  calibrar_sensors               
00003379  cambiar_orientacion            
00002c4b  cantonada_detectada            
00000121  clearScreen                    
000001af  clearScreenBkg                 
00005511  close                          
20000bd1  colorHighByte                  
20000bd0  colorLowByte                   
00001739  config_angle_limit             
000015c3  configurar_dades_rx            
000015cf  configurar_dades_tx            
00002d19  control_robot_mejorado         
00005c6d  copysign                       
00005c6d  copysignl                      
200005d0  dada_UART                      
20000bc9  dada_rebuda                    
00004241  delay                          
00001ad5  delay_ms                       
00002cbf  determinar_sentit              
00000521  drawCharLg                     
000005c9  drawCharLgBkg                  
000006ad  drawCharMd                     
0000075b  drawCharMdBkg                  
000003a1  drawCharSm                     
00000447  drawCharSmBkg                  
00000d9b  drawCircle                     
000008bd  drawImage                      
000008d5  drawImageLut                   
000009e3  drawImageMono                  
00000b41  drawLine                       
00000a01  drawLogicLine                  
00000237  drawPixel                      
00000d37  drawRect                       
00000267  drawString                     
00001647  encendre_timeout_A1            
20000bd8  errno                          
000057b1  exit                           
00000fb9  fillCircle                     
00000f1b  fillRect                       
00005b11  finddevice                     
00005d58  font_11x16                     
000069f6  font_5x7                       
00006582  font_8x12                      
00004e01  fputc                          
0000463d  fputs                          
00004a5d  free                           
00005385  frexp                          
00005385  frexpl                         
000053e9  fseek                          
00002ff3  getAltura                      
00002fa1  getColumna                     
00002f4f  getLinea                       
00002f49  getOrientacion                 
0000304f  getScreenHeight                
00003039  getScreenWidth                 
0000590d  getdevice                      
000018d1  gir_continu_eix                
00002cd9  girar_per_evitar               
00003509  halLcdClearLine                
000033a7  halLcdClearScreen              
000033cb  halLcdClearScreenBkg           
0000367d  halLcdDrawCircle               
00003785  halLcdDrawImageLut             
000035d1  halLcdDrawLine                 
0000357f  halLcdDrawPixel                
00003625  halLcdDrawRect                 
00003729  halLcdFillCircle               
000036cd  halLcdFillRect                 
0000339b  halLcdInit                     
000033eb  halLcdPrintLine                
0000346b  halLcdPrintLineCol             
000031c5  initLCD                        
00001b11  init_LCD                       
00001131  init_UART                      
0000261f  init_WDT                       
0000411d  init_spi_lcd_tactil            
00001a7f  init_timer_A0_delay            
000015db  init_timer_A1                  
00005015  init_ucs_16MHz                 
0000504d  init_ucs_24MHz                 
00000000  interruptVectors               
00004751  ldexp                          
00004751  ldexpl                         
00001a09  llegir_sensor                  
000027a1  llegir_sensors                 
00005bc5  lseek                          
00002f05  main                           
00005d41  malloc                         
00004861  memalign                       
00005c51  memccpy                        
00005c15  memchr                         
00004ccf  memcpy                         
00004fa1  memset                         
20000bd4  mode                           
000025ed  mostrar_noms_grup              
00001879  moure_dreta                    
000017cd  moure_endarrere                
00001779  moure_endavant                 
00001821  moure_esquerra                 
000016ed  moure_robot                    
20000bd5  paret_trobada                  
200005c0  parmbuf                        
0000193d  pivotar_eix_graus              
0000531d  printf                         
00004e01  putc                           
00005add  rand                           
000016d3  reiniciar_timeout_A1           
00005b71  remove                         
00004751  scalbn                         
00004751  scalbnl                        
20000bd6  seguint_paret                  
00002909  seguir_paret                   
00002ad5  seguir_paret_mejorado          
00001a43  sensor_centre                  
00001a6d  sensor_dreta                   
00001a55  sensor_esquerra                
00002bd9  sensor_frontal_detecta         
00002c01  sensor_lateral_detecta         
20000bd7  sentit_seguiment               
00003065  setArea                        
00000103  setBackgroundColor             
000000e5  setColor                       
0000330b  setOrientation                 
00004b41  setvbuf                        
00005951  sprintf                        
00005cb7  strchr                         
00005c9f  strcmp                         
00005ccd  strcpy                         
00005ce1  strlen                         
00005a09  strncpy                        
0000276d  test_comunicacio_emulador      
00002629  test_robot_functions           
0000155d  tramitar_paquet                
00005b71  unlink                         
200005c8  valors_sensors                 
00005cf5  wcslen                         
00005bed  write                          
0000421b  writeCommand                   
000041f5  writeData                      


GLOBAL SYMBOLS: SORTED BY Symbol Address 

address   name                           
-------   ----                           
00000000  __TI_static_base__             
00000000  interruptVectors               
000000e5  setColor                       
00000103  setBackgroundColor             
00000121  clearScreen                    
000001af  clearScreenBkg                 
00000200  __STACK_SIZE                   
00000237  drawPixel                      
00000267  drawString                     
000003a1  drawCharSm                     
00000400  __SYSMEM_SIZE                  
00000447  drawCharSmBkg                  
00000521  drawCharLg                     
000005c9  drawCharLgBkg                  
000006ad  drawCharMd                     
0000075b  drawCharMdBkg                  
000008bd  drawImage                      
000008d5  drawImageLut                   
000009e3  drawImageMono                  
00000a01  drawLogicLine                  
00000b41  drawLine                       
00000d37  drawRect                       
00000d9b  drawCircle                     
00000f1b  fillRect                       
00000fb9  fillCircle                     
00001131  init_UART                      
0000122f  TxUACx                         
00001265  TxPacket                       
000013cd  RxPacket                       
0000155d  tramitar_paquet                
000015c3  configurar_dades_rx            
000015cf  configurar_dades_tx            
000015db  init_timer_A1                  
00001647  encendre_timeout_A1            
00001675  apagar_timeout_A1              
0000168d  TA1_0_IRQHandler               
0000168d  TA1_0_IRQHandler               
00001699  Timeout                        
000016d3  reiniciar_timeout_A1           
000016ed  moure_robot                    
00001739  config_angle_limit             
00001779  moure_endavant                 
000017cd  moure_endarrere                
00001821  moure_esquerra                 
00001879  moure_dreta                    
000018d1  gir_continu_eix                
0000193d  pivotar_eix_graus              
000019c5  aturar_robot                   
00001a09  llegir_sensor                  
00001a43  sensor_centre                  
00001a55  sensor_esquerra                
00001a6d  sensor_dreta                   
00001a7f  init_timer_A0_delay            
00001ab9  TA0_0_IRQHandler               
00001ab9  TA0_0_IRQHandler               
00001ad5  delay_ms                       
00001b11  init_LCD                       
00001b1f  EUSCIA2_IRQHandler             
00001b1f  EUSCIA2_IRQHandler             
00001b9d  __TI_printfi                   
000025eb  _nop                           
000025ed  mostrar_noms_grup              
0000261f  init_WDT                       
00002629  test_robot_functions           
0000276d  test_comunicacio_emulador      
000027a1  llegir_sensors                 
000027d9  calibrar_sensors               
00002829  buscar_paret                   
00002909  seguir_paret                   
00002ad5  seguir_paret_mejorado          
00002bd9  sensor_frontal_detecta         
00002c01  sensor_lateral_detecta         
00002c4b  cantonada_detectada            
00002cbf  determinar_sentit              
00002cd9  girar_per_evitar               
00002d19  control_robot_mejorado         
00002f05  main                           
00002f49  getOrientacion                 
00002f4f  getLinea                       
00002fa1  getColumna                     
00002ff3  getAltura                      
00003039  getScreenWidth                 
0000304f  getScreenHeight                
00003065  setArea                        
000031c5  initLCD                        
0000330b  setOrientation                 
00003379  cambiar_orientacion            
0000339b  halLcdInit                     
000033a7  halLcdClearScreen              
000033cb  halLcdClearScreenBkg           
000033eb  halLcdPrintLine                
0000346b  halLcdPrintLineCol             
00003509  halLcdClearLine                
0000357f  halLcdDrawPixel                
000035d1  halLcdDrawLine                 
00003625  halLcdDrawRect                 
0000367d  halLcdDrawCircle               
000036cd  halLcdFillRect                 
00003729  halLcdFillCircle               
00003785  halLcdDrawImageLut             
000037f1  SystemCoreClockUpdate          
00003a69  SystemInit                     
00003f65  __aeabi_dsub                   
00003f6f  __aeabi_dadd                   
0000411b  __aeabi_idiv0                  
0000411b  __aeabi_ldiv0                  
0000411d  init_spi_lcd_tactil            
000041f5  writeData                      
0000421b  writeCommand                   
00004241  delay                          
000043e1  __aeabi_ddiv                   
0000463d  fputs                          
00004751  ldexp                          
00004751  ldexpl                         
00004751  scalbn                         
00004751  scalbnl                        
00004861  aligned_alloc                  
00004861  memalign                       
00004961  __aeabi_dmul                   
00004a5d  free                           
00004b41  setvbuf                        
00004ccf  __aeabi_memcpy                 
00004ccf  __aeabi_memcpy4                
00004ccf  __aeabi_memcpy8                
00004ccf  memcpy                         
00004d6b  __aeabi_uldivmod               
00004e01  fputc                          
00004e01  putc                           
00004e8d  __aeabi_cdcmpeq                
00004e8d  __aeabi_cdcmple                
00004f13  __aeabi_cdrcmple               
00004f99  __aeabi_memclr                 
00004f99  __aeabi_memclr4                
00004f99  __aeabi_memclr8                
00004f9b  __aeabi_memset                 
00004f9b  __aeabi_memset4                
00004f9b  __aeabi_memset8                
00004fa1  memset                         
00005015  init_ucs_16MHz                 
0000504d  init_ucs_24MHz                 
0000508d  __TI_closefile                 
000051e1  HOSTrename                     
0000524d  HOSTlseek                      
000052b5  __TI_decompress_lzss           
0000531d  printf                         
00005385  frexp                          
00005385  frexpl                         
000053e9  fseek                          
0000544d  __TI_wrt_ok                    
000054b1  HOSTopen                       
00005511  close                          
0000556d  HOSTread                       
000055c5  HOSTwrite                      
00005673  __TI_ltoa                      
00005719  __TI_doflush                   
00005765  atoi                           
000057b1  exit                           
000057f9  __aeabi_d2iz                   
00005841  HOSTclose                      
00005885  HOSTunlink                     
000058c9  __TI_auto_init_nobinit_nopinit 
0000590d  getdevice                      
00005951  sprintf                        
000059d1  __TI_writemsg                  
000059ff  C$$IO$$                        
00005a09  strncpy                        
00005a41  __TI_cleanup                   
00005a75  __TI_readmsg                   
00005aa9  _c_int00_noargs                
00005add  rand                           
00005b11  finddevice                     
00005b41  __aeabi_i2d                    
00005b71  remove                         
00005b71  unlink                         
00005bc5  lseek                          
00005bed  write                          
00005c15  memchr                         
00005c51  memccpy                        
00005c6d  copysign                       
00005c6d  copysignl                      
00005c9f  strcmp                         
00005cb7  strchr                         
00005ccd  strcpy                         
00005ce1  strlen                         
00005cf5  wcslen                         
00005d07  __TI_decompress_none           
00005d15  Reset_Handler                  
00005d21  ADC14_IRQHandler               
00005d21  AES256_IRQHandler              
00005d21  BusFault_Handler               
00005d21  COMP_E0_IRQHandler             
00005d21  COMP_E1_IRQHandler             
00005d21  CS_IRQHandler                  
00005d21  DMA_ERR_IRQHandler             
00005d21  DMA_INT0_IRQHandler            
00005d21  DMA_INT1_IRQHandler            
00005d21  DMA_INT2_IRQHandler            
00005d21  DMA_INT3_IRQHandler            
00005d21  DebugMon_Handler               
00005d21  Default_Handler                
00005d21  EUSCIA0_IRQHandler             
00005d21  EUSCIA1_IRQHandler             
00005d21  EUSCIA3_IRQHandler             
00005d21  EUSCIB0_IRQHandler             
00005d21  EUSCIB1_IRQHandler             
00005d21  EUSCIB2_IRQHandler             
00005d21  EUSCIB3_IRQHandler             
00005d21  FLCTL_IRQHandler               
00005d21  FPU_IRQHandler                 
00005d21  HardFault_Handler              
00005d21  MemManage_Handler              
00005d21  NMI_Handler                    
00005d21  PCM_IRQHandler                 
00005d21  PORT1_IRQHandler               
00005d21  PORT2_IRQHandler               
00005d21  PORT3_IRQHandler               
00005d21  PORT4_IRQHandler               
00005d21  PORT5_IRQHandler               
00005d21  PORT6_IRQHandler               
00005d21  PSS_IRQHandler                 
00005d21  PendSV_Handler                 
00005d21  RTC_C_IRQHandler               
00005d21  SVC_Handler                    
00005d21  SysTick_Handler                
00005d21  T32_INT1_IRQHandler            
00005d21  T32_INT2_IRQHandler            
00005d21  T32_INTC_IRQHandler            
00005d21  TA0_N_IRQHandler               
00005d21  TA1_N_IRQHandler               
00005d21  TA2_0_IRQHandler               
00005d21  TA2_N_IRQHandler               
00005d21  TA3_0_IRQHandler               
00005d21  TA3_N_IRQHandler               
00005d21  UsageFault_Handler             
00005d21  WDT_A_IRQHandler               
00005d23  __TI_zero_init                 
00005d39  __aeabi_errno_addr             
00005d41  malloc                         
00005d51  _system_pre_init               
00005d55  C$$EXIT                        
00005d55  abort                          
00005d58  font_11x16                     
00006582  font_8x12                      
000069f6  font_5x7                       
00006bd6  _ctypes_                       
00006dac  __TI_Handler_Table_Base        
00006db8  __TI_Handler_Table_Limit       
00006dc0  __TI_CINIT_Base                
00006dd0  __TI_CINIT_Limit               
20000000  __start___llvm_prf_cnts        
20000000  __stop___llvm_prf_cnts         
20000400  __CIOBUF_                      
20000520  __TI_tmpnams                   
200005c0  parmbuf                        
200005c8  valors_sensors                 
200005d0  dada_UART                      
200005d8  _sys_memory                    
200009d8  _ftable                        
20000ac8  _device                        
20000b40  _stream                        
20000b90  __TI_ft_end                    
20000b94  __aeabi_stdin                  
20000b98  __aeabi_stdout                 
20000b9c  __aeabi_stderr                 
20000ba0  __TI_cleanup_ptr               
20000ba4  __TI_dtors_ptr                 
20000ba8  __TI_enable_exit_profile_output
20000bac  _orientation                   
20000bad  Fuente                         
20000bae  Color_Fondo                    
20000bb0  Color_Texto                    
20000bb2  Color_Fondo_Inv                
20000bb4  Color_Texto_Inv                
20000bb8  _lock                          
20000bbc  _unlock                        
20000bc9  dada_rebuda                    
20000bd0  colorLowByte                   
20000bd1  colorHighByte                  
20000bd2  bgColorLowByte                 
20000bd3  bgColorHighByte                
20000bd4  mode                           
20000bd5  paret_trobada                  
20000bd6  seguint_paret                  
20000bd7  sentit_seguiment               
20000bd8  errno                          
20000be0  SystemCoreClock                
2000fe00  __stack                        
20010000  __STACK_END                    
4000480c  WDTCTL_SYM                     
ffffffff  __TI_pprof_out_hndl            
ffffffff  __TI_prof_data_size            
ffffffff  __TI_prof_data_start           
ffffffff  __binit__                      
ffffffff  __c_args__                     
ffffffff  binit                          
UNDEFED   __mpu_init                     
UNDEFED   _system_post_cinit             

[297 symbols]
